Component: ARM Compiler 5.06 update 6 (build 750) Tool: armlink [4d35ed]

==============================================================================

Section Cross References

    main.o(i.float_task) refers to _printf_percent.o(.ARM.Collect$$_printf_percent$$00000000) for _printf_percent
    main.o(i.float_task) refers to _printf_f.o(.ARM.Collect$$_printf_percent$$00000003) for _printf_f
    main.o(i.float_task) refers to printf1.o(x$fpl$printf1) for _printf_fp_dec
    main.o(i.float_task) refers to f2d.o(x$fpl$f2d) for __aeabi_f2d
    main.o(i.float_task) refers to noretval__2printf.o(.text) for __2printf
    main.o(i.float_task) refers to tasks.o(i.vTaskDelay) for vTaskDelay
    main.o(i.float_task) refers to main.o(.data) for float_num
    main.o(i.led0_task) refers to tasks.o(i.vTaskDelay) for vTaskDelay
    main.o(i.led1_task) refers to tasks.o(i.vTaskDelay) for vTaskDelay
    main.o(i.main) refers to misc.o(i.NVIC_PriorityGroupConfig) for NVIC_PriorityGroupConfig
    main.o(i.main) refers to usart.o(i.uart_init) for uart_init
    main.o(i.main) refers to led.o(i.LED_Init) for LED_Init
    main.o(i.main) refers to tasks.o(i.xTaskCreate) for xTaskCreate
    main.o(i.main) refers to tasks.o(i.vTaskStartScheduler) for vTaskStartScheduler
    main.o(i.main) refers to main.o(.data) for StartTask_Handler
    main.o(i.main) refers to main.o(i.start_task) for start_task
    main.o(i.start_task) refers to port.o(i.vPortEnterCritical) for vPortEnterCritical
    main.o(i.start_task) refers to tasks.o(i.xTaskCreate) for xTaskCreate
    main.o(i.start_task) refers to tasks.o(i.vTaskDelete) for vTaskDelete
    main.o(i.start_task) refers to port.o(i.vPortExitCritical) for vPortExitCritical
    main.o(i.start_task) refers to main.o(.data) for LED0Task_Handler
    main.o(i.start_task) refers to main.o(i.led0_task) for led0_task
    main.o(i.start_task) refers to main.o(i.led1_task) for led1_task
    main.o(i.start_task) refers to main.o(i.float_task) for float_task
    stm32f4xx_adc.o(i.ADC_DeInit) refers to stm32f4xx_rcc.o(i.RCC_APB2PeriphResetCmd) for RCC_APB2PeriphResetCmd
    stm32f4xx_can.o(i.CAN_DeInit) refers to stm32f4xx_rcc.o(i.RCC_APB1PeriphResetCmd) for RCC_APB1PeriphResetCmd
    stm32f4xx_can.o(i.CAN_GetITStatus) refers to stm32f4xx_can.o(i.CheckITStatus) for CheckITStatus
    stm32f4xx_cryp.o(i.CRYP_DeInit) refers to stm32f4xx_rcc.o(i.RCC_AHB2PeriphResetCmd) for RCC_AHB2PeriphResetCmd
    stm32f4xx_cryp_aes.o(i.CRYP_AES_CBC) refers to stm32f4xx_cryp.o(i.CRYP_KeyStructInit) for CRYP_KeyStructInit
    stm32f4xx_cryp_aes.o(i.CRYP_AES_CBC) refers to stm32f4xx_cryp.o(i.CRYP_FIFOFlush) for CRYP_FIFOFlush
    stm32f4xx_cryp_aes.o(i.CRYP_AES_CBC) refers to stm32f4xx_cryp.o(i.CRYP_Init) for CRYP_Init
    stm32f4xx_cryp_aes.o(i.CRYP_AES_CBC) refers to stm32f4xx_cryp.o(i.CRYP_KeyInit) for CRYP_KeyInit
    stm32f4xx_cryp_aes.o(i.CRYP_AES_CBC) refers to stm32f4xx_cryp.o(i.CRYP_Cmd) for CRYP_Cmd
    stm32f4xx_cryp_aes.o(i.CRYP_AES_CBC) refers to stm32f4xx_cryp.o(i.CRYP_GetFlagStatus) for CRYP_GetFlagStatus
    stm32f4xx_cryp_aes.o(i.CRYP_AES_CBC) refers to stm32f4xx_cryp.o(i.CRYP_IVInit) for CRYP_IVInit
    stm32f4xx_cryp_aes.o(i.CRYP_AES_CBC) refers to stm32f4xx_cryp.o(i.CRYP_GetCmdStatus) for CRYP_GetCmdStatus
    stm32f4xx_cryp_aes.o(i.CRYP_AES_CBC) refers to stm32f4xx_cryp.o(i.CRYP_DataIn) for CRYP_DataIn
    stm32f4xx_cryp_aes.o(i.CRYP_AES_CBC) refers to stm32f4xx_cryp.o(i.CRYP_DataOut) for CRYP_DataOut
    stm32f4xx_cryp_aes.o(i.CRYP_AES_CCM) refers to stm32f4xx_cryp.o(i.CRYP_KeyStructInit) for CRYP_KeyStructInit
    stm32f4xx_cryp_aes.o(i.CRYP_AES_CCM) refers to stm32f4xx_cryp.o(i.CRYP_FIFOFlush) for CRYP_FIFOFlush
    stm32f4xx_cryp_aes.o(i.CRYP_AES_CCM) refers to stm32f4xx_cryp.o(i.CRYP_KeyInit) for CRYP_KeyInit
    stm32f4xx_cryp_aes.o(i.CRYP_AES_CCM) refers to stm32f4xx_cryp.o(i.CRYP_IVInit) for CRYP_IVInit
    stm32f4xx_cryp_aes.o(i.CRYP_AES_CCM) refers to stm32f4xx_cryp.o(i.CRYP_Init) for CRYP_Init
    stm32f4xx_cryp_aes.o(i.CRYP_AES_CCM) refers to stm32f4xx_cryp.o(i.CRYP_PhaseConfig) for CRYP_PhaseConfig
    stm32f4xx_cryp_aes.o(i.CRYP_AES_CCM) refers to stm32f4xx_cryp.o(i.CRYP_DataIn) for CRYP_DataIn
    stm32f4xx_cryp_aes.o(i.CRYP_AES_CCM) refers to stm32f4xx_cryp.o(i.CRYP_Cmd) for CRYP_Cmd
    stm32f4xx_cryp_aes.o(i.CRYP_AES_CCM) refers to stm32f4xx_cryp.o(i.CRYP_GetCmdStatus) for CRYP_GetCmdStatus
    stm32f4xx_cryp_aes.o(i.CRYP_AES_CCM) refers to stm32f4xx_cryp.o(i.CRYP_GetFlagStatus) for CRYP_GetFlagStatus
    stm32f4xx_cryp_aes.o(i.CRYP_AES_CCM) refers to stm32f4xx_cryp.o(i.CRYP_DataOut) for CRYP_DataOut
    stm32f4xx_cryp_aes.o(i.CRYP_AES_CTR) refers to stm32f4xx_cryp.o(i.CRYP_KeyStructInit) for CRYP_KeyStructInit
    stm32f4xx_cryp_aes.o(i.CRYP_AES_CTR) refers to stm32f4xx_cryp.o(i.CRYP_KeyInit) for CRYP_KeyInit
    stm32f4xx_cryp_aes.o(i.CRYP_AES_CTR) refers to stm32f4xx_cryp.o(i.CRYP_Init) for CRYP_Init
[...]
    .ARM.Collect$$libinit$$00000019          0x0800021c   Section        0  libinit2.o(.ARM.Collect$$libinit$$00000019)
    .ARM.Collect$$libinit$$0000001B          0x0800021c   Section        0  libinit2.o(.ARM.Collect$$libinit$$0000001B)
    .ARM.Collect$$libinit$$0000001D          0x0800021c   Section        0  libinit2.o(.ARM.Collect$$libinit$$0000001D)
    .ARM.Collect$$libinit$$0000001F          0x0800021c   Section        0  libinit2.o(.ARM.Collect$$libinit$$0000001F)
    .ARM.Collect$$libinit$$00000021          0x0800021c   Section        0  libinit2.o(.ARM.Collect$$libinit$$00000021)
    .ARM.Collect$$libinit$$00000023          0x0800021c   Section        0  libinit2.o(.ARM.Collect$$libinit$$00000023)
    .ARM.Collect$$libinit$$00000025          0x0800021c   Section        0  libinit2.o(.ARM.Collect$$libinit$$00000025)
    .ARM.Collect$$libinit$$0000002C          0x0800021c   Section        0  libinit2.o(.ARM.Collect$$libinit$$0000002C)
    .ARM.Collect$$libinit$$0000002E          0x0800021c   Section        0  libinit2.o(.ARM.Collect$$libinit$$0000002E)
    .ARM.Collect$$libinit$$00000030          0x0800021c   Section        0  libinit2.o(.ARM.Collect$$libinit$$00000030)
    .ARM.Collect$$libinit$$00000032          0x0800021c   Section        0  libinit2.o(.ARM.Collect$$libinit$$00000032)
    .ARM.Collect$$libinit$$00000033          0x0800021c   Section        2  libinit2.o(.ARM.Collect$$libinit$$00000033)
    .ARM.Collect$$libshutdown$$00000000      0x0800021e   Section        2  libshutdown.o(.ARM.Collect$$libshutdown$$00000000)
    .ARM.Collect$$libshutdown$$00000002      0x08000220   Section        0  libshutdown2.o(.ARM.Collect$$libshutdown$$00000002)
    .ARM.Collect$$libshutdown$$00000004      0x08000220   Section        0  libshutdown2.o(.ARM.Collect$$libshutdown$$00000004)
    .ARM.Collect$$libshutdown$$00000007      0x08000220   Section        0  libshutdown2.o(.ARM.Collect$$libshutdown$$00000007)
    .ARM.Collect$$libshutdown$$0000000A      0x08000220   Section        0  libshutdown2.o(.ARM.Collect$$libshutdown$$0000000A)
    .ARM.Collect$$libshutdown$$0000000C      0x08000220   Section        0  libshutdown2.o(.ARM.Collect$$libshutdown$$0000000C)
    .ARM.Collect$$libshutdown$$0000000F      0x08000220   Section        0  libshutdown2.o(.ARM.Collect$$libshutdown$$0000000F)
    .ARM.Collect$$libshutdown$$00000010      0x08000220   Section        2  libshutdown2.o(.ARM.Collect$$libshutdown$$00000010)
    .ARM.Collect$$rtentry$$00000000          0x08000222   Section        0  __rtentry.o(.ARM.Collect$$rtentry$$00000000)
    .ARM.Collect$$rtentry$$00000002          0x08000222   Section        0  __rtentry2.o(.ARM.Collect$$rtentry$$00000002)
    .ARM.Collect$$rtentry$$00000004          0x08000222   Section        6  __rtentry4.o(.ARM.Collect$$rtentry$$00000004)
    .ARM.Collect$$rtentry$$00000009          0x08000228   Section        0  __rtentry2.o(.ARM.Collect$$rtentry$$00000009)
    .ARM.Collect$$rtentry$$0000000A          0x08000228   Section        4  __rtentry2.o(.ARM.Collect$$rtentry$$0000000A)
    .ARM.Collect$$rtentry$$0000000C          0x0800022c   Section        0  __rtentry2.o(.ARM.Collect$$rtentry$$0000000C)
    .ARM.Collect$$rtentry$$0000000D          0x0800022c   Section        8  __rtentry2.o(.ARM.Collect$$rtentry$$0000000D)
    .ARM.Collect$$rtexit$$00000000           0x08000234   Section        2  rtexit.o(.ARM.Collect$$rtexit$$00000000)
    .ARM.Collect$$rtexit$$00000002           0x08000236   Section        0  rtexit2.o(.ARM.Collect$$rtexit$$00000002)
    .ARM.Collect$$rtexit$$00000003           0x08000236   Section        4  rtexit2.o(.ARM.Collect$$rtexit$$00000003)
    .ARM.Collect$$rtexit$$00000004           0x0800023a   Section        6  rtexit2.o(.ARM.Collect$$rtexit$$00000004)
    .emb_text                                0x08000240   Section      182  port.o(.emb_text)
    $v0                                      0x08000240   Number         0  port.o(.emb_text)
    .text                                    0x080002f8   Section       64  startup_stm32f40_41xxx.o(.text)
    $v0                                      0x080002f8   Number         0  startup_stm32f40_41xxx.o(.text)
    .text                                    0x08000338   Section        2  use_no_semi_2.o(.text)
    .text                                    0x0800033c   Section        0  noretval__2printf.o(.text)
    .text                                    0x08000354   Section        0  __printf_wp.o(.text)
    .text                                    0x08000462   Section      138  rt_memcpy_v6.o(.text)
    .text                                    0x080004ec   Section       16  aeabi_memset.o(.text)
    .text                                    0x080004fc   Section        0  heapauxi.o(.text)
    .text                                    0x08000502   Section        2  use_no_semi.o(.text)
    .text                                    0x08000504   Section        0  _printf_fp_dec.o(.text)
    _fp_digits                               0x08000507   Thumb Code   432  _printf_fp_dec.o(.text)
    .text                                    0x08000924   Section        0  _printf_char_file.o(.text)
    .text                                    0x08000948   Section      100  rt_memcpy_w.o(.text)
    .text                                    0x080009ac   Section       68  rt_memclr.o(.text)
    .text                                    0x080009f0   Section        8  rt_locale_intlibspace.o(.text)
    .text                                    0x080009f8   Section      138  lludiv10.o(.text)
    .text                                    0x08000a84   Section        0  _printf_char_common.o(.text)
    _printf_input_char                       0x08000a85   Thumb Code    10  _printf_char_common.o(.text)
    .text                                    0x08000ab4   Section        0  _printf_fp_infnan.o(.text)
    .text                                    0x08000b34   Section        0  bigflt0.o(.text)
    .text                                    0x08000c18   Section        0  ferror.o(.text)
    .text                                    0x08000c20   Section       78  rt_memclr_w.o(.text)
    .text                                    0x08000c70   Section        8  libspace.o(.text)
    .text                                    0x08000c78   Section       74  sys_stackheap_outer.o(.text)
    .text                                    0x08000cc2   Section        0  exit.o(.text)
    .text                                    0x08000cd4   Section      128  strcmpv7m.o(.text)
    CL$$btod_d2e                             0x08000d54   Section       62  btod.o(CL$$btod_d2e)
    CL$$btod_d2e_denorm_low                  0x08000d92   Section       70  btod.o(CL$$btod_d2e_denorm_low)
    CL$$btod_d2e_norm_op1                    0x08000dd8   Section       96  btod.o(CL$$btod_d2e_norm_op1)
    CL$$btod_div_common                      0x08000e38   Section      824  btod.o(CL$$btod_div_common)
    CL$$btod_e2e                             0x08001170   Section      220  btod.o(CL$$btod_e2e)
    CL$$btod_ediv                            0x0800124c   Section       42  btod.o(CL$$btod_ediv)
    CL$$btod_emul                            0x08001276   Section       42  btod.o(CL$$btod_emul)
    CL$$btod_mult_common                     0x080012a0   Section      580  btod.o(CL$$btod_mult_common)
    i.BusFault_Handler                       0x080014e4   Section        0  stm32f4xx_it.o(i.BusFault_Handler)
    i.DebugMon_Handler                       0x080014e8   Section        0  stm32f4xx_it.o(i.DebugMon_Handler)
    i.GPIO_Init                              0x080014ea   Section        0  stm32f4xx_gpio.o(i.GPIO_Init)
    i.GPIO_PinAFConfig                       0x0800157a   Section        0  stm32f4xx_gpio.o(i.GPIO_PinAFConfig)
    i.GPIO_SetBits                           0x080015c0   Section        0  stm32f4xx_gpio.o(i.GPIO_SetBits)
    i.HardFault_Handler                      0x080015c4   Section        0  stm32f4xx_it.o(i.HardFault_Handler)
    i.LED_Init                               0x080015c8   Section        0  led.o(i.LED_Init)
    i.MemManage_Handler                      0x08001608   Section        0  stm32f4xx_it.o(i.MemManage_Handler)
    i.NMI_Handler                            0x0800160c   Section        0  stm32f4xx_it.o(i.NMI_Handler)
    i.NVIC_Init                              0x08001610   Section        0  misc.o(i.NVIC_Init)
    i.NVIC_PriorityGroupConfig               0x08001688   Section        0  misc.o(i.NVIC_PriorityGroupConfig)
    i.RCC_AHB1PeriphClockCmd                 0x0800169c   Section        0  stm32f4xx_rcc.o(i.RCC_AHB1PeriphClockCmd)
    i.RCC_APB2PeriphClockCmd                 0x080016bc   Section        0  stm32f4xx_rcc.o(i.RCC_APB2PeriphClockCmd)
    i.RCC_GetClocksFreq                      0x080016dc   Section        0  stm32f4xx_rcc.o(i.RCC_GetClocksFreq)
    i.SetSysClock                            0x080017c4   Section        0  system_stm32f4xx.o(i.SetSysClock)
    SetSysClock                              0x080017c5   Thumb Code   220  system_stm32f4xx.o(i.SetSysClock)
    i.SysTick_Handler                        0x080018b0   Section        0  port.o(i.SysTick_Handler)
    i.SystemInit                             0x080018e4   Section        0  system_stm32f4xx.o(i.SystemInit)
    i.USART1_IRQHandler                      0x0800194c   Section        0  usart.o(i.USART1_IRQHandler)
    i.USART_Cmd                              0x080019d4   Section        0  stm32f4xx_usart.o(i.USART_Cmd)
    i.USART_GetITStatus                      0x080019ec   Section        0  stm32f4xx_usart.o(i.USART_GetITStatus)
    i.USART_ITConfig                         0x08001a40   Section        0  stm32f4xx_usart.o(i.USART_ITConfig)
    i.USART_Init                             0x08001a8c   Section        0  stm32f4xx_usart.o(i.USART_Init)
    i.USART_ReceiveData                      0x08001b60   Section        0  stm32f4xx_usart.o(i.USART_ReceiveData)
    i.UsageFault_Handler                     0x08001b6a   Section        0  stm32f4xx_it.o(i.UsageFault_Handler)
    i.__ARM_fpclassify                       0x08001b6e   Section        0  fpclassify.o(i.__ARM_fpclassify)
    i._is_digit                              0x08001b9e   Section        0  __printf_wp.o(i._is_digit)
    i._sys_exit                              0x08001bac   Section        0  usart.o(i._sys_exit)
    i.float_task                             0x08001bb0   Section        0  main.o(i.float_task)
    i.fputc                                  0x08001c0c   Section        0  usart.o(i.fputc)
    i.led0_task                              0x08001c28   Section        0  main.o(i.led0_task)
    i.led1_task                              0x08001c48   Section        0  main.o(i.led1_task)
    i.main                                   0x08001c70   Section        0  main.o(i.main)
    i.prvAddCurrentTaskToDelayedList         0x08001cb8   Section        0  tasks.o(i.prvAddCurrentTaskToDelayedList)
    prvAddCurrentTaskToDelayedList           0x08001cb9   Thumb Code   124  tasks.o(i.prvAddCurrentTaskToDelayedList)
    i.prvAddNewTaskToReadyList               0x08001d50   Section        0  tasks.o(i.prvAddNewTaskToReadyList)
    prvAddNewTaskToReadyList                 0x08001d51   Thumb Code   156  tasks.o(i.prvAddNewTaskToReadyList)
    i.prvCheckForValidListAndQueue           0x08001e08   Section        0  timers.o(i.prvCheckForValidListAndQueue)
    prvCheckForValidListAndQueue             0x08001e09   Thumb Code    72  timers.o(i.prvCheckForValidListAndQueue)
    i.prvCheckTasksWaitingTermination        0x08001e6c   Section        0  tasks.o(i.prvCheckTasksWaitingTermination)
    prvCheckTasksWaitingTermination          0x08001e6d   Thumb Code    86  tasks.o(i.prvCheckTasksWaitingTermination)
    i.prvCopyDataFromQueue                   0x08001ed0   Section        0  queue.o(i.prvCopyDataFromQueue)
    prvCopyDataFromQueue                     0x08001ed1   Thumb Code    42  queue.o(i.prvCopyDataFromQueue)
    i.prvCopyDataToQueue                     0x08001efa   Section        0  queue.o(i.prvCopyDataToQueue)
    prvCopyDataToQueue                       0x08001efb   Thumb Code   124  queue.o(i.prvCopyDataToQueue)
    i.prvDeleteTCB                           0x08001f76   Section        0  tasks.o(i.prvDeleteTCB)
    prvDeleteTCB                             0x08001f77   Thumb Code    18  tasks.o(i.prvDeleteTCB)
    i.prvGetNextExpireTime                   0x08001f88   Section        0  timers.o(i.prvGetNextExpireTime)
    prvGetNextExpireTime                     0x08001f89   Thumb Code    36  timers.o(i.prvGetNextExpireTime)
    i.prvHeapInit                            0x08001fb0   Section        0  heap_4.o(i.prvHeapInit)
    prvHeapInit                              0x08001fb1   Thumb Code    98  heap_4.o(i.prvHeapInit)
    i.prvIdleTask                            0x0800202c   Section        0  tasks.o(i.prvIdleTask)
    prvIdleTask                              0x0800202d   Thumb Code    32  tasks.o(i.prvIdleTask)
    i.prvInitialiseNewQueue                  0x08002054   Section        0  queue.o(i.prvInitialiseNewQueue)
    prvInitialiseNewQueue                    0x08002055   Thumb Code    42  queue.o(i.prvInitialiseNewQueue)
    i.prvInitialiseNewTask                   0x0800207e   Section        0  tasks.o(i.prvInitialiseNewTask)
    prvInitialiseNewTask                     0x0800207f   Thumb Code   180  tasks.o(i.prvInitialiseNewTask)
    i.prvInitialiseTaskLists                 0x08002134   Section        0  tasks.o(i.prvInitialiseTaskLists)
    prvInitialiseTaskLists                   0x08002135   Thumb Code    70  tasks.o(i.prvInitialiseTaskLists)
    i.prvInsertBlockIntoFreeList             0x0800219c   Section        0  heap_4.o(i.prvInsertBlockIntoFreeList)
    prvInsertBlockIntoFreeList               0x0800219d   Thumb Code    96  heap_4.o(i.prvInsertBlockIntoFreeList)
    i.prvInsertTimerInActiveList             0x08002204   Section        0  timers.o(i.prvInsertTimerInActiveList)
    prvInsertTimerInActiveList               0x08002205   Thumb Code    80  timers.o(i.prvInsertTimerInActiveList)
    i.prvIsQueueEmpty                        0x0800225c   Section        0  queue.o(i.prvIsQueueEmpty)
    prvIsQueueEmpty                          0x0800225d   Thumb Code    26  queue.o(i.prvIsQueueEmpty)
    i.prvIsQueueFull                         0x08002276   Section        0  queue.o(i.prvIsQueueFull)
    prvIsQueueFull                           0x08002277   Thumb Code    30  queue.o(i.prvIsQueueFull)
    i.prvProcessExpiredTimer                 0x08002294   Section        0  timers.o(i.prvProcessExpiredTimer)
    prvProcessExpiredTimer                   0x08002295   Thumb Code    94  timers.o(i.prvProcessExpiredTimer)
    i.prvProcessReceivedCommands             0x080022f8   Section        0  timers.o(i.prvProcessReceivedCommands)
    prvProcessReceivedCommands               0x080022f9   Thumb Code   242  timers.o(i.prvProcessReceivedCommands)
    i.prvProcessTimerOrBlockTask             0x080023f0   Section        0  timers.o(i.prvProcessTimerOrBlockTask)
    prvProcessTimerOrBlockTask               0x080023f1   Thumb Code   102  timers.o(i.prvProcessTimerOrBlockTask)
    i.prvResetNextTaskUnblockTime            0x08002464   Section        0  tasks.o(i.prvResetNextTaskUnblockTime)
    prvResetNextTaskUnblockTime              0x08002465   Thumb Code    42  tasks.o(i.prvResetNextTaskUnblockTime)
    i.prvSampleTimeNow                       0x08002498   Section        0  timers.o(i.prvSampleTimeNow)
    prvSampleTimeNow                         0x08002499   Thumb Code    40  timers.o(i.prvSampleTimeNow)
    i.prvSwitchTimerLists                    0x080024c4   Section        0  timers.o(i.prvSwitchTimerLists)
    prvSwitchTimerLists                      0x080024c5   Thumb Code   150  timers.o(i.prvSwitchTimerLists)
    i.prvTaskExitError                       0x08002564   Section        0  port.o(i.prvTaskExitError)
    prvTaskExitError                         0x08002565   Thumb Code    60  port.o(i.prvTaskExitError)
    i.prvTimerTask                           0x080025a4   Section        0  timers.o(i.prvTimerTask)
    prvTimerTask                             0x080025a5   Thumb Code    26  timers.o(i.prvTimerTask)
    i.prvUnlockQueue                         0x080025be   Section        0  queue.o(i.prvUnlockQueue)
    prvUnlockQueue                           0x080025bf   Thumb Code   126  queue.o(i.prvUnlockQueue)
    i.pvPortMalloc                           0x0800263c   Section        0  heap_4.o(i.pvPortMalloc)
    i.pvTaskIncrementMutexHeldCount          0x08002778   Section        0  tasks.o(i.pvTaskIncrementMutexHeldCount)
    i.pxPortInitialiseStack                  0x08002798   Section        0  port.o(i.pxPortInitialiseStack)
    i.start_task                             0x080027c4   Section        0  main.o(i.start_task)
    i.uart_init                              0x08002858   Section        0  usart.o(i.uart_init)
    i.uxListRemove                           0x08002904   Section        0  list.o(i.uxListRemove)
    i.vListInitialise                        0x0800292c   Section        0  list.o(i.vListInitialise)
    i.vListInitialiseItem                    0x08002946   Section        0  list.o(i.vListInitialiseItem)
    i.vListInsert                            0x0800294c   Section        0  list.o(i.vListInsert)
    i.vListInsertEnd                         0x08002980   Section        0  list.o(i.vListInsertEnd)
    i.vPortEnterCritical                     0x08002998   Section        0  port.o(i.vPortEnterCritical)
    i.vPortExitCritical                      0x080029ec   Section        0  port.o(i.vPortExitCritical)
    i.vPortFree                              0x08002a28   Section        0  heap_4.o(i.vPortFree)
    i.vPortSetupTimerInterrupt               0x08002abc   Section        0  port.o(i.vPortSetupTimerInterrupt)
    i.vPortValidateInterruptPriority         0x08002adc   Section        0  port.o(i.vPortValidateInterruptPriority)
    i.vQueueAddToRegistry                    0x08002b54   Section        0  queue.o(i.vQueueAddToRegistry)
    i.vQueueWaitForMessageRestricted         0x08002b80   Section        0  queue.o(i.vQueueWaitForMessageRestricted)
    i.vTaskDelay                             0x08002bcc   Section        0  tasks.o(i.vTaskDelay)
    i.vTaskDelete                            0x08002c28   Section        0  tasks.o(i.vTaskDelete)
    i.vTaskMissedYield                       0x08002d1c   Section        0  tasks.o(i.vTaskMissedYield)
    i.vTaskPlaceOnEventList                  0x08002d28   Section        0  tasks.o(i.vTaskPlaceOnEventList)
    i.vTaskPlaceOnEventListRestricted        0x08002d60   Section        0  tasks.o(i.vTaskPlaceOnEventListRestricted)
    i.vTaskPriorityInherit                   0x08002da0   Section        0  tasks.o(i.vTaskPriorityInherit)
    i.vTaskSetTimeOutState                   0x08002e50   Section        0  tasks.o(i.vTaskSetTimeOutState)
    i.vTaskStartScheduler                    0x08002e80   Section        0  tasks.o(i.vTaskStartScheduler)
    i.vTaskSuspendAll                        0x08002f14   Section        0  tasks.o(i.vTaskSuspendAll)
    i.vTaskSwitchContext                     0x08002f24   Section        0  tasks.o(i.vTaskSwitchContext)
    i.xPortStartScheduler                    0x08002fb0   Section        0  port.o(i.xPortStartScheduler)
    i.xQueueGenericCreate                    0x080030ec   Section        0  queue.o(i.xQueueGenericCreate)
    i.xQueueGenericReceive                   0x08003144   Section        0  queue.o(i.xQueueGenericReceive)
    i.xQueueGenericReset                     0x08003308   Section        0  queue.o(i.xQueueGenericReset)
    i.xQueueGenericSend                      0x080033a0   Section        0  queue.o(i.xQueueGenericSend)
    i.xQueueGenericSendFromISR               0x08003548   Section        0  queue.o(i.xQueueGenericSendFromISR)
    i.xTaskCheckForTimeOut                   0x08003640   Section        0  tasks.o(i.xTaskCheckForTimeOut)
    i.xTaskCreate                            0x080036cc   Section        0  tasks.o(i.xTaskCreate)
    i.xTaskGetSchedulerState                 0x0800372c   Section        0  tasks.o(i.xTaskGetSchedulerState)
    i.xTaskGetTickCount                      0x0800374c   Section        0  tasks.o(i.xTaskGetTickCount)
    i.xTaskIncrementTick                     0x08003758   Section        0  tasks.o(i.xTaskIncrementTick)
    i.xTaskPriorityDisinherit                0x080038a0   Section        0  tasks.o(i.xTaskPriorityDisinherit)
    i.xTaskRemoveFromEventList               0x08003968   Section        0  tasks.o(i.xTaskRemoveFromEventList)
    i.xTaskResumeAll                         0x08003a00   Section        0  tasks.o(i.xTaskResumeAll)
    i.xTimerCreateTimerTask                  0x08003b04   Section        0  timers.o(i.xTimerCreateTimerTask)
    i.xTimerGenericCommand                   0x08003b5c   Section        0  timers.o(i.xTimerGenericCommand)
    locale$$code                             0x08003be0   Section       44  lc_numeric_c.o(locale$$code)
    x$fpl$dretinf                            0x08003c0c   Section       12  dretinf.o(x$fpl$dretinf)
    $v0                                      0x08003c0c   Number         0  dretinf.o(x$fpl$dretinf)
    x$fpl$f2d                                0x08003c18   Section       86  f2d.o(x$fpl$f2d)
    $v0                                      0x08003c18   Number         0  f2d.o(x$fpl$f2d)
    x$fpl$fnaninf                            0x08003c6e   Section      140  fnaninf.o(x$fpl$fnaninf)
    $v0                                      0x08003c6e   Number         0  fnaninf.o(x$fpl$fnaninf)
    x$fpl$fpinit                             0x08003cfa   Section       10  fpinit.o(x$fpl$fpinit)
    $v0                                      0x08003cfa   Number         0  fpinit.o(x$fpl$fpinit)
    x$fpl$printf1                            0x08003d04   Section        4  printf1.o(x$fpl$printf1)
    $v0                                      0x08003d04   Number         0  printf1.o(x$fpl$printf1)
    .constdata                               0x08003d08   Section      148  bigflt0.o(.constdata)
    x$fpl$usenofp                            0x08003d08   Section        0  usenofp.o(x$fpl$usenofp)
    tenpwrs_x                                0x08003d08   Data          60  bigflt0.o(.constdata)
    tenpwrs_i                                0x08003d44   Data          64  bigflt0.o(.constdata)
    locale$$data                             0x08003dbc   Section       28  lc_numeric_c.o(locale$$data)
    __lcnum_c_name                           0x08003dc0   Data           2  lc_numeric_c.o(locale$$data)
    __lcnum_c_start                          0x08003dc8   Data           0  lc_numeric_c.o(locale$$data)
    __lcnum_c_point                          0x08003dd4   Data           0  lc_numeric_c.o(locale$$data)
    __lcnum_c_thousands                      0x08003dd6   Data           0  lc_numeric_c.o(locale$$data)
    __lcnum_c_grouping                       0x08003dd7   Data           0  lc_numeric_c.o(locale$$data)
    __lcnum_c_end                            0x08003dd8   Data           0  lc_numeric_c.o(locale$$data)
    .data                                    0x20000000   Section       20  main.o(.data)
    float_num                                0x20000010   Data           4  main.o(.data)
    .data                                    0x20000014   Section       16  stm32f4xx_rcc.o(.data)
    APBAHBPrescTable                         0x20000014   Data          16  stm32f4xx_rcc.o(.data)
    .data                                    0x20000024   Section        6  usart.o(.data)
    .data                                    0x2000002c   Section       60  tasks.o(.data)
    pxDelayedTaskList                        0x20000030   Data           4  tasks.o(.data)
    pxOverflowDelayedTaskList                0x20000034   Data           4  tasks.o(.data)
    uxDeletedTasksWaitingCleanUp             0x20000038   Data           4  tasks.o(.data)
    uxCurrentNumberOfTasks                   0x2000003c   Data           4  tasks.o(.data)
    xTickCount                               0x20000040   Data           4  tasks.o(.data)
    uxTopReadyPriority                       0x20000044   Data           4  tasks.o(.data)
    xSchedulerRunning                        0x20000048   Data           4  tasks.o(.data)
    uxPendedTicks                            0x2000004c   Data           4  tasks.o(.data)
    xYieldPending                            0x20000050   Data           4  tasks.o(.data)
    xNumOfOverflows                          0x20000054   Data           4  tasks.o(.data)
    uxTaskNumber                             0x20000058   Data           4  tasks.o(.data)
    xNextTaskUnblockTime                     0x2000005c   Data           4  tasks.o(.data)
    xIdleTaskHandle                          0x20000060   Data           4  tasks.o(.data)
    uxSchedulerSuspended                     0x20000064   Data           4  tasks.o(.data)
    .data                                    0x20000068   Section       20  timers.o(.data)
    pxCurrentTimerList                       0x20000068   Data           4  timers.o(.data)
    pxOverflowTimerList                      0x2000006c   Data           4  timers.o(.data)
    xTimerQueue                              0x20000070   Data           4  timers.o(.data)
    xTimerTaskHandle                         0x20000074   Data           4  timers.o(.data)
    xLastTime                                0x20000078   Data           4  timers.o(.data)
    .data                                    0x2000007c   Section       24  heap_4.o(.data)
    xStart                                   0x2000007c   Data           8  heap_4.o(.data)
    pxEnd                                    0x20000084   Data           4  heap_4.o(.data)
    xFreeBytesRemaining                      0x20000088   Data           4  heap_4.o(.data)
    xMinimumEverFreeBytesRemaining           0x2000008c   Data           4  heap_4.o(.data)
    xBlockAllocatedBit                       0x20000090   Data           4  heap_4.o(.data)
    .data                                    0x20000094   Section       12  port.o(.data)
    uxCriticalNesting                        0x20000094   Data           4  port.o(.data)
    ucMaxSysCallPriority                     0x20000098   Data           1  port.o(.data)
    ulMaxPRIGROUPValue                       0x2000009c   Data           4  port.o(.data)
    .data                                    0x200000a0   Section       20  system_stm32f4xx.o(.data)
    .bss                                     0x200000b4   Section      200  usart.o(.bss)
    .bss                                     0x2000017c   Section       64  queue.o(.bss)
    .bss                                     0x200001bc   Section      200  tasks.o(.bss)
    pxReadyTasksLists                        0x200001bc   Data         100  tasks.o(.bss)
    xDelayedTaskList1                        0x20000220   Data          20  tasks.o(.bss)
    xDelayedTaskList2                        0x20000234   Data          20  tasks.o(.bss)
    xPendingReadyList                        0x20000248   Data          20  tasks.o(.bss)
    xTasksWaitingTermination                 0x2000025c   Data          20  tasks.o(.bss)
    xSuspendedTaskList                       0x20000270   Data          20  tasks.o(.bss)
    .bss                                     0x20000284   Section       40  timers.o(.bss)
    xActiveTimerList1                        0x20000284   Data          20  timers.o(.bss)
    xActiveTimerList2                        0x20000298   Data          20  timers.o(.bss)
    .bss                                     0x200002ac   Section    76800  heap_4.o(.bss)
    ucHeap                                   0x200002ac   Data       76800  heap_4.o(.bss)
    .bss                                     0x20012eac   Section       96  libspace.o(.bss)
    HEAP                                     0x20012f10   Section      512  startup_stm32f40_41xxx.o(HEAP)
    Heap_Mem                                 0x20012f10   Data         512  startup_stm32f40_41xxx.o(HEAP)
    STACK                                    0x20013110   Section     1024  startup_stm32f40_41xxx.o(STACK)
    Stack_Mem                                0x20013110   Data        1024  startup_stm32f40_41xxx.o(STACK)
    __initial_sp                             0x20013510   Data           0  startup_stm32f40_41xxx.o(STACK)

    Global Symbols

    Symbol Name                              Value     Ov Type        Size  Object(Section)

    BuildAttributes$$THM_ISAv4$E$P$D$K$B$S$7EM$VFPi3$EXTD16$VFPS$VFMA$PE$A:L22UL41UL21$X:L11$S22US41US21$IEEE1$IW$USESV6$~STKCKD$USESV7$~SHL$OTIME$ROPI$IEEEJ$EBA8$UX$STANDARDLIB$REQ8$PRES8$EABIv2 0x00000000   Number         0  anon$$obj.o ABSOLUTE
    __ARM_use_no_argv                        0x00000000   Number         0  main.o ABSOLUTE
    _printf_flags                            0x00000000   Number         0  printf_stubs.o ABSOLUTE
    _printf_return_value                     0x00000000   Number         0  printf_stubs.o ABSOLUTE
    _printf_sizespec                         0x00000000   Number         0  printf_stubs.o ABSOLUTE
    _printf_widthprec                        0x00000000   Number         0  printf_stubs.o ABSOLUTE
    __ARM_exceptions_init                     - Undefined Weak Reference
    __alloca_initialize                       - Undefined Weak Reference
    __arm_preinit_                            - Undefined Weak Reference
    __cpp_initialize__aeabi_                  - Undefined Weak Reference
    __cxa_finalize                            - Undefined Weak Reference
    __sigvec_lookup                           - Undefined Weak Reference
    _atexit_init                              - Undefined Weak Reference
    _call_atexit_fns                          - Undefined Weak Reference
    _clock_init                               - Undefined Weak Reference
    _fp_trap_init                             - Undefined Weak Reference
    _fp_trap_shutdown                         - Undefined Weak Reference
    _get_lc_collate                           - Undefined Weak Reference
    _get_lc_ctype                             - Undefined Weak Reference
    _get_lc_monetary                          - Undefined Weak Reference
    _get_lc_time                              - Undefined Weak Reference
    _getenv_init                              - Undefined Weak Reference
    _handle_redirection                       - Undefined Weak Reference
    _init_alloc                               - Undefined Weak Reference
    _init_user_alloc                          - Undefined Weak Reference
    _initio                                   - Undefined Weak Reference
    _mutex_acquire                            - Undefined Weak Reference
    _mutex_release                            - Undefined Weak Reference
    _printf_post_padding                      - Undefined Weak Reference
    _printf_pre_padding                       - Undefined Weak Reference
    _rand_init                                - Undefined Weak Reference
    _signal_finish                            - Undefined Weak Reference
    _signal_init                              - Undefined Weak Reference
    _terminate_alloc                          - Undefined Weak Reference
    _terminate_user_alloc                     - Undefined Weak Reference
    _terminateio                              - Undefined Weak Reference
    __Vectors_Size                           0x00000188   Number         0  startup_stm32f40_41xxx.o ABSOLUTE
    __Vectors                                0x08000000   Data           4  startup_stm32f40_41xxx.o(RESET)
    __Vectors_End                            0x08000188   Data           0  startup_stm32f40_41xxx.o(RESET)
    __main                                   0x08000189   Thumb Code     8  __main.o(!!!main)
    __scatterload                            0x08000191   Thumb Code     0  __scatter.o(!!!scatter)
    __scatterload_rt2                        0x08000191   Thumb Code    44  __scatter.o(!!!scatter)
    __scatterload_rt2_thumb_only             0x08000191   Thumb Code     0  __scatter.o(!!!scatter)
    __scatterload_null                       0x0800019f   Thumb Code     0  __scatter.o(!!!scatter)
    __scatterload_copy                       0x080001c5   Thumb Code    26  __scatter_copy.o(!!handler_copy)
    __scatterload_zeroinit                   0x080001e1   Thumb Code    28  __scatter_zi.o(!!handler_zi)
    _printf_f                                0x080001fd   Thumb Code     0  _printf_f.o(.ARM.Collect$$_printf_percent$$00000003)
    _printf_percent                          0x080001fd   Thumb Code     0  _printf_percent.o(.ARM.Collect$$_printf_percent$$00000000)
    _printf_percent_end                      0x08000203   Thumb Code     0  _printf_percent_end.o(.ARM.Collect$$_printf_percent$$00000017)
    __rt_lib_init                            0x08000207   Thumb Code     0  libinit.o(.ARM.Collect$$libinit$$00000000)
    __rt_lib_init_fp_1                       0x08000209   Thumb Code     0  libinit2.o(.ARM.Collect$$libinit$$00000001)
    __rt_lib_init_heap_1                     0x0800020d   Thumb Code     0  libinit2.o(.ARM.Collect$$libinit$$0000000A)
    __rt_lib_init_lc_common                  0x0800020d   Thumb Code     0  libinit2.o(.ARM.Collect$$libinit$$0000000F)
    __rt_lib_init_preinit_1                  0x0800020d   Thumb Code     0  libinit2.o(.ARM.Collect$$libinit$$00000004)
    __rt_lib_init_rand_1                     0x0800020d   Thumb Code     0  libinit2.o(.ARM.Collect$$libinit$$0000000E)
    __rt_lib_init_user_alloc_1               0x0800020d   Thumb Code     0  libinit2.o(.ARM.Collect$$libinit$$0000000C)
    __rt_lib_init_lc_collate_1               0x08000213   Thumb Code     0  libinit2.o(.ARM.Collect$$libinit$$00000011)
    __rt_lib_init_lc_ctype_1                 0x08000213   Thumb Code     0  libinit2.o(.ARM.Collect$$libinit$$00000013)
    __rt_lib_init_lc_monetary_1              0x08000213   Thumb Code     0  libinit2.o(.ARM.Collect$$libinit$$00000015)
    __rt_lib_init_lc_numeric_2               0x08000213   Thumb Code     0  libinit2.o(.ARM.Collect$$libinit$$00000016)
    __rt_lib_init_alloca_1                   0x0800021d   Thumb Code     0  libinit2.o(.ARM.Collect$$libinit$$0000002E)
    __rt_lib_init_argv_1                     0x0800021d   Thumb Code     0  libinit2.o(.ARM.Collect$$libinit$$0000002C)
    __rt_lib_init_atexit_1                   0x0800021d   Thumb Code     0  libinit2.o(.ARM.Collect$$libinit$$0000001B)
    __rt_lib_init_clock_1                    0x0800021d   Thumb Code     0  libinit2.o(.ARM.Collect$$libinit$$00000021)
    __rt_lib_init_cpp_1                      0x0800021d   Thumb Code     0  libinit2.o(.ARM.Collect$$libinit$$00000032)
    __rt_lib_init_exceptions_1               0x0800021d   Thumb Code     0  libinit2.o(.ARM.Collect$$libinit$$00000030)
    __rt_lib_init_fp_trap_1                  0x0800021d   Thumb Code     0  libinit2.o(.ARM.Collect$$libinit$$0000001F)
    __rt_lib_init_getenv_1                   0x0800021d   Thumb Code     0  libinit2.o(.ARM.Collect$$libinit$$00000023)
    __rt_lib_init_lc_numeric_1               0x0800021d   Thumb Code     0  libinit2.o(.ARM.Collect$$libinit$$00000017)
    __rt_lib_init_lc_time_1                  0x0800021d   Thumb Code     0  libinit2.o(.ARM.Collect$$libinit$$00000019)
    __rt_lib_init_return                     0x0800021d   Thumb Code     0  libinit2.o(.ARM.Collect$$libinit$$00000033)
    __rt_lib_init_signal_1                   0x0800021d   Thumb Code     0  libinit2.o(.ARM.Collect$$libinit$$0000001D)
    __rt_lib_init_stdio_1                    0x0800021d   Thumb Code     0  libinit2.o(.ARM.Collect$$libinit$$00000025)
    __rt_lib_shutdown                        0x0800021f   Thumb Code     0  libshutdown.o(.ARM.Collect$$libshutdown$$00000000)
    __rt_lib_shutdown_cpp_1                  0x08000221   Thumb Code     0  libshutdown2.o(.ARM.Collect$$libshutdown$$00000002)
    __rt_lib_shutdown_fp_trap_1              0x08000221   Thumb Code     0  libshutdown2.o(.ARM.Collect$$libshutdown$$00000007)
    __rt_lib_shutdown_heap_1                 0x08000221   Thumb Code     0  libshutdown2.o(.ARM.Collect$$libshutdown$$0000000F)
    __rt_lib_shutdown_return                 0x08000221   Thumb Code     0  libshutdown2.o(.ARM.Collect$$libshutdown$$00000010)
    __rt_lib_shutdown_signal_1               0x08000221   Thumb Code     0  libshutdown2.o(.ARM.Collect$$libshutdown$$0000000A)
    __rt_lib_shutdown_stdio_1                0x08000221   Thumb Code     0  libshutdown2.o(.ARM.Collect$$libshutdown$$00000004)
    __rt_lib_shutdown_user_alloc_1           0x08000221   Thumb Code     0  libshutdown2.o(.ARM.Collect$$libshutdown$$0000000C)
    __rt_entry                               0x08000223   Thumb Code     0  __rtentry.o(.ARM.Collect$$rtentry$$00000000)
    __rt_entry_presh_1                       0x08000223   Thumb Code     0  __rtentry2.o(.ARM.Collect$$rtentry$$00000002)
    __rt_entry_sh                            0x08000223   Thumb Code     0  __rtentry4.o(.ARM.Collect$$rtentry$$00000004)
    __rt_entry_li                            0x08000229   Thumb Code     0  __rtentry2.o(.ARM.Collect$$rtentry$$0000000A)
    __rt_entry_postsh_1                      0x08000229   Thumb Code     0  __rtentry2.o(.ARM.Collect$$rtentry$$00000009)
    __rt_entry_main                          0x0800022d   Thumb Code     0  __rtentry2.o(.ARM.Collect$$rtentry$$0000000D)
    __rt_entry_postli_1                      0x0800022d   Thumb Code     0  __rtentry2.o(.ARM.Collect$$rtentry$$0000000C)
    __rt_exit                                0x08000235   Thumb Code     0  rtexit.o(.ARM.Collect$$rtexit$$00000000)
    __rt_exit_ls                             0x08000237   Thumb Code     0  rtexit2.o(.ARM.Collect$$rtexit$$00000003)
    __rt_exit_prels_1                        0x08000237   Thumb Code     0  rtexit2.o(.ARM.Collect$$rtexit$$00000002)
    __rt_exit_exit                           0x0800023b   Thumb Code     0  rtexit2.o(.ARM.Collect$$rtexit$$00000004)
    SVC_Handler                              0x08000241   Thumb Code    28  port.o(.emb_text)
    __asm___6_port_c_39a90d8d__prvStartFirstTask 0x08000261   Thumb Code    28  port.o(.emb_text)
    __asm___6_port_c_39a90d8d__prvEnableVFP  0x08000281   Thumb Code    16  port.o(.emb_text)
    PendSV_Handler                           0x08000295   Thumb Code    88  port.o(.emb_text)
    vPortGetIPSR                             0x080002f1   Thumb Code     6  port.o(.emb_text)
    Reset_Handler                            0x080002f9   Thumb Code     8  startup_stm32f40_41xxx.o(.text)
    ADC_IRQHandler                           0x08000313   Thumb Code     0  startup_stm32f40_41xxx.o(.text)
    CAN1_RX0_IRQHandler                      0x08000313   Thumb Code     0  startup_stm32f40_41xxx.o(.text)
    CAN1_RX1_IRQHandler                      0x08000313   Thumb Code     0  startup_stm32f40_41xxx.o(.text)
    CAN1_SCE_IRQHandler                      0x08000313   Thumb Code     0  startup_stm32f40_41xxx.o(.text)
    CAN1_TX_IRQHandler                       0x08000313   Thumb Code     0  startup_stm32f40_41xxx.o(.text)
    CAN2_RX0_IRQHandler                      0x08000313   Thumb Code     0  startup_stm32f40_41xxx.o(.text)
    CAN2_RX1_IRQHandler                      0x08000313   Thumb Code     0  startup_stm32f40_41xxx.o(.text)
    CAN2_SCE_IRQHandler                      0x08000313   Thumb Code     0  startup_stm32f40_41xxx.o(.text)
    CAN2_TX_IRQHandler                       0x08000313   Thumb Code     0  startup_stm32f40_41xxx.o(.text)
    CRYP_IRQHandler                          0x08000313   Thumb Code     0  startup_stm32f40_41xxx.o(.text)
    DCMI_IRQHandler                          0x08000313   Thumb Code     0  startup_stm32f40_41xxx.o(.text)
    DMA1_Stream0_IRQHandler                  0x08000313   Thumb Code     0  startup_stm32f40_41xxx.o(.text)
    DMA1_Stream1_IRQHandler                  0x08000313   Thumb Code     0  startup_stm32f40_41xxx.o(.text)
    DMA1_Stream2_IRQHandler                  0x08000313   Thumb Code     0  startup_stm32f40_41xxx.o(.text)
    DMA1_Stream3_IRQHandler                  0x08000313   Thumb Code     0  startup_stm32f40_41xxx.o(.text)
    DMA1_Stream4_IRQHandler                  0x08000313   Thumb Code     0  startup_stm32f40_41xxx.o(.text)
    DMA1_Stream5_IRQHandler                  0x08000313   Thumb Code     0  startup_stm32f40_41xxx.o(.text)
    DMA1_Stream6_IRQHandler                  0x08000313   Thumb Code     0  startup_stm32f40_41xxx.o(.text)
    DMA1_Stream7_IRQHandler                  0x08000313   Thumb Code     0  startup_stm32f40_41xxx.o(.text)
    DMA2_Stream0_IRQHandler                  0x08000313   Thumb Code     0  startup_stm32f40_41xxx.o(.text)
    DMA2_Stream1_IRQHandler                  0x08000313   Thumb Code     0  startup_stm32f40_41xxx.o(.text)
    DMA2_Stream2_IRQHandler                  0x08000313   Thumb Code     0  startup_stm32f40_41xxx.o(.text)
    DMA2_Stream3_IRQHandler                  0x08000313   Thumb Code     0  startup_stm32f40_41xxx.o(.text)
    DMA2_Stream4_IRQHandler                  0x08000313   Thumb Code     0  startup_stm32f40_41xxx.o(.text)
    DMA2_Stream5_IRQHandler                  0x08000313   Thumb Code     0  startup_stm32f40_41xxx.o(.text)
    DMA2_Stream6_IRQHandler                  0x08000313   Thumb Code     0  startup_stm32f40_41xxx.o(.text)
    DMA2_Stream7_IRQHandler                  0x08000313   Thumb Code     0  startup_stm32f40_41xxx.o(.text)
    ETH_IRQHandler                           0x08000313   Thumb Code     0  startup_stm32f40_41xxx.o(.text)
    ETH_WKUP_IRQHandler                      0x08000313   Thumb Code     0  startup_stm32f40_41xxx.o(.text)
    EXTI0_IRQHandler                         0x08000313   Thumb Code     0  startup_stm32f40_41xxx.o(.text)
    EXTI15_10_IRQHandler                     0x08000313   Thumb Code     0  startup_stm32f40_41xxx.o(.text)
    EXTI1_IRQHandler                         0x08000313   Thumb Code     0  startup_stm32f40_41xxx.o(.text)
    EXTI2_IRQHandler                         0x08000313   Thumb Code     0  startup_stm32f40_41xxx.o(.text)
    EXTI3_IRQHandler                         0x08000313   Thumb Code     0  startup_stm32f40_41xxx.o(.text)
    EXTI4_IRQHandler                         0x08000313   Thumb Code     0  startup_stm32f40_41xxx.o(.text)
    EXTI9_5_IRQHandler                       0x08000313   Thumb Code     0  startup_stm32f40_41xxx.o(.text)
    FLASH_IRQHandler                         0x08000313   Thumb Code     0  startup_stm32f40_41xxx.o(.text)
    FPU_IRQHandler                           0x08000313   Thumb Code     0  startup_stm32f40_41xxx.o(.text)
    FSMC_IRQHandler                          0x08000313   Thumb Code     0  startup_stm32f40_41xxx.o(.text)
    HASH_RNG_IRQHandler                      0x08000313   Thumb Code     0  startup_stm32f40_41xxx.o(.text)
    I2C1_ER_IRQHandler                       0x08000313   Thumb Code     0  startup_stm32f40_41xxx.o(.text)
    I2C1_EV_IRQHandler                       0x08000313   Thumb Code     0  startup_stm32f40_41xxx.o(.text)
    I2C2_ER_IRQHandler                       0x08000313   Thumb Code     0  startup_stm32f40_41xxx.o(.text)
    I2C2_EV_IRQHandler                       0x08000313   Thumb Code     0  startup_stm32f40_41xxx.o(.text)
    I2C3_ER_IRQHandler                       0x08000313   Thumb Code     0  startup_stm32f40_41xxx.o(.text)
    I2C3_EV_IRQHandler                       0x08000313   Thumb Code     0  startup_stm32f40_41xxx.o(.text)
    OTG_FS_IRQHandler                        0x08000313   Thumb Code     0  startup_stm32f40_41xxx.o(.text)
    OTG_FS_WKUP_IRQHandler                   0x08000313   Thumb Code     0  startup_stm32f40_41xxx.o(.text)
    OTG_HS_EP1_IN_IRQHandler                 0x08000313   Thumb Code     0  startup_stm32f40_41xxx.o(.text)
    OTG_HS_EP1_OUT_IRQHandler                0x08000313   Thumb Code     0  startup_stm32f40_41xxx.o(.text)
    OTG_HS_IRQHandler                        0x08000313   Thumb Code     0  startup_stm32f40_41xxx.o(.text)
    OTG_HS_WKUP_IRQHandler                   0x08000313   Thumb Code     0  startup_stm32f40_41xxx.o(.text)
    PVD_IRQHandler                           0x08000313   Thumb Code     0  startup_stm32f40_41xxx.o(.text)
    RCC_IRQHandler                           0x08000313   Thumb Code     0  startup_stm32f40_41xxx.o(.text)
    RTC_Alarm_IRQHandler                     0x08000313   Thumb Code     0  startup_stm32f40_41xxx.o(.text)
    RTC_WKUP_IRQHandler                      0x08000313   Thumb Code     0  startup_stm32f40_41xxx.o(.text)
    SDIO_IRQHandler                          0x08000313   Thumb Code     0  startup_stm32f40_41xxx.o(.text)
    SPI1_IRQHandler                          0x08000313   Thumb Code     0  startup_stm32f40_41xxx.o(.text)
    SPI2_IRQHandler                          0x08000313   Thumb Code     0  startup_stm32f40_41xxx.o(.text)
    SPI3_IRQHandler                          0x08000313   Thumb Code     0  startup_stm32f40_41xxx.o(.text)
    TAMP_STAMP_IRQHandler                    0x08000313   Thumb Code     0  startup_stm32f40_41xxx.o(.text)
    TIM1_BRK_TIM9_IRQHandler                 0x08000313   Thumb Code     0  startup_stm32f40_41xxx.o(.text)
    TIM1_CC_IRQHandler                       0x08000313   Thumb Code     0  startup_stm32f40_41xxx.o(.text)
    TIM1_TRG_COM_TIM11_IRQHandler            0x08000313   Thumb Code     0  startup_stm32f40_41xxx.o(.text)
    TIM1_UP_TIM10_IRQHandler                 0x08000313   Thumb Code     0  startup_stm32f40_41xxx.o(.text)
    TIM2_IRQHandler                          0x08000313   Thumb Code     0  startup_stm32f40_41xxx.o(.text)
    TIM3_IRQHandler                          0x08000313   Thumb Code     0  startup_stm32f40_41xxx.o(.text)
    TIM4_IRQHandler                          0x08000313   Thumb Code     0  startup_stm32f40_41xxx.o(.text)
    TIM5_IRQHandler                          0x08000313   Thumb Code     0  startup_stm32f40_41xxx.o(.text)
    TIM6_DAC_IRQHandler                      0x08000313   Thumb Code     0  startup_stm32f40_41xxx.o(.text)
    TIM7_IRQHandler                          0x08000313   Thumb Code     0  startup_stm32f40_41xxx.o(.text)
    TIM8_BRK_TIM12_IRQHandler                0x08000313   Thumb Code     0  startup_stm32f40_41xxx.o(.text)
    TIM8_CC_IRQHandler                       0x08000313   Thumb Code     0  startup_stm32f40_41xxx.o(.text)
    TIM8_TRG_COM_TIM14_IRQHandler            0x08000313   Thumb Code     0  startup_stm32f40_41xxx.o(.text)
    TIM8_UP_TIM13_IRQHandler                 0x08000313   Thumb Code     0  startup_stm32f40_41xxx.o(.text)
    UART4_IRQHandler                         0x08000313   Thumb Code     0  startup_stm32f40_41xxx.o(.text)
    UART5_IRQHandler                         0x08000313   Thumb Code     0  startup_stm32f40_41xxx.o(.text)
    USART2_IRQHandler                        0x08000313   Thumb Code     0  startup_stm32f40_41xxx.o(.text)
    USART3_IRQHandler                        0x08000313   Thumb Code     0  startup_stm32f40_41xxx.o(.text)
    USART6_IRQHandler                        0x08000313   Thumb Code     0  startup_stm32f40_41xxx.o(.text)
    WWDG_IRQHandler                          0x08000313   Thumb Code     0  startup_stm32f40_41xxx.o(.text)
    __user_initial_stackheap                 0x08000315   Thumb Code     0  startup_stm32f40_41xxx.o(.text)
    __use_no_semihosting                     0x08000339   Thumb Code     2  use_no_semi_2.o(.text)
    __2printf                                0x0800033d   Thumb Code    20  noretval__2printf.o(.text)
    __printf                                 0x08000355   Thumb Code   270  __printf_wp.o(.text)
    __aeabi_memcpy                           0x08000463   Thumb Code     0  rt_memcpy_v6.o(.text)
    __rt_memcpy                              0x08000463   Thumb Code   138  rt_memcpy_v6.o(.text)
    _memcpy_lastbytes                        0x080004c9   Thumb Code     0  rt_memcpy_v6.o(.text)
    __aeabi_memset                           0x080004ed   Thumb Code    16  aeabi_memset.o(.text)
    __use_two_region_memory                  0x080004fd   Thumb Code     2  heapauxi.o(.text)
    __rt_heap_escrow$2region                 0x080004ff   Thumb Code     2  heapauxi.o(.text)
    __rt_heap_expand$2region                 0x08000501   Thumb Code     2  heapauxi.o(.text)
    __I$use$semihosting                      0x08000503   Thumb Code     0  use_no_semi.o(.text)
    __use_no_semihosting_swi                 0x08000503   Thumb Code     2  use_no_semi.o(.text)
    __lib_sel_fp_printf                      0x08000505   Thumb Code     2  _printf_fp_dec.o(.text)
    _printf_fp_dec_real                      0x080006b7   Thumb Code   620  _printf_fp_dec.o(.text)
    _printf_char_file                        0x08000925   Thumb Code    32  _printf_char_file.o(.text)
    __aeabi_memcpy4                          0x08000949   Thumb Code     0  rt_memcpy_w.o(.text)
    __aeabi_memcpy8                          0x08000949   Thumb Code     0  rt_memcpy_w.o(.text)
    __rt_memcpy_w                            0x08000949   Thumb Code   100  rt_memcpy_w.o(.text)
    _memcpy_lastbytes_aligned                0x08000991   Thumb Code     0  rt_memcpy_w.o(.text)
    __aeabi_memclr                           0x080009ad   Thumb Code     0  rt_memclr.o(.text)
    __rt_memclr                              0x080009ad   Thumb Code    68  rt_memclr.o(.text)
    _memset                                  0x080009b1   Thumb Code     0  rt_memclr.o(.text)
    __rt_locale                              0x080009f1   Thumb Code     8  rt_locale_intlibspace.o(.text)
    _ll_udiv10                               0x080009f9   Thumb Code   138  lludiv10.o(.text)
    _printf_char_common                      0x08000a8f   Thumb Code    32  _printf_char_common.o(.text)
    _printf_fp_infnan                        0x08000ab5   Thumb Code   112  _printf_fp_infnan.o(.text)
    _btod_etento                             0x08000b35   Thumb Code   224  bigflt0.o(.text)
    ferror                                   0x08000c19   Thumb Code     8  ferror.o(.text)
    __aeabi_memclr4                          0x08000c21   Thumb Code     0  rt_memclr_w.o(.text)
    __aeabi_memclr8                          0x08000c21   Thumb Code     0  rt_memclr_w.o(.text)
    __rt_memclr_w                            0x08000c21   Thumb Code    78  rt_memclr_w.o(.text)
    _memset_w                                0x08000c25   Thumb Code     0  rt_memclr_w.o(.text)
    __user_libspace                          0x08000c71   Thumb Code     8  libspace.o(.text)
    __user_perproc_libspace                  0x08000c71   Thumb Code     0  libspace.o(.text)
    __user_perthread_libspace                0x08000c71   Thumb Code     0  libspace.o(.text)
    __user_setup_stackheap                   0x08000c79   Thumb Code    74  sys_stackheap_outer.o(.text)
    exit                                     0x08000cc3   Thumb Code    18  exit.o(.text)
    strcmp                                   0x08000cd5   Thumb Code   128  strcmpv7m.o(.text)
    _btod_d2e                                0x08000d55   Thumb Code    62  btod.o(CL$$btod_d2e)
    _d2e_denorm_low                          0x08000d93   Thumb Code    70  btod.o(CL$$btod_d2e_denorm_low)
    _d2e_norm_op1                            0x08000dd9   Thumb Code    96  btod.o(CL$$btod_d2e_norm_op1)
    __btod_div_common                        0x08000e39   Thumb Code   696  btod.o(CL$$btod_div_common)
    _e2e                                     0x08001171   Thumb Code   220  btod.o(CL$$btod_e2e)
    _btod_ediv                               0x0800124d   Thumb Code    42  btod.o(CL$$btod_ediv)
    _btod_emul                               0x08001277   Thumb Code    42  btod.o(CL$$btod_emul)
    __btod_mult_common                       0x080012a1   Thumb Code   580  btod.o(CL$$btod_mult_common)
    BusFault_Handler                         0x080014e5   Thumb Code     4  stm32f4xx_it.o(i.BusFault_Handler)
    DebugMon_Handler                         0x080014e9   Thumb Code     2  stm32f4xx_it.o(i.DebugMon_Handler)
    GPIO_Init                                0x080014eb   Thumb Code   144  stm32f4xx_gpio.o(i.GPIO_Init)
    GPIO_PinAFConfig                         0x0800157b   Thumb Code    70  stm32f4xx_gpio.o(i.GPIO_PinAFConfig)
    GPIO_SetBits                             0x080015c1   Thumb Code     4  stm32f4xx_gpio.o(i.GPIO_SetBits)
    HardFault_Handler                        0x080015c5   Thumb Code     4  stm32f4xx_it.o(i.HardFault_Handler)
    LED_Init                                 0x080015c9   Thumb Code    60  led.o(i.LED_Init)
    MemManage_Handler                        0x08001609   Thumb Code     4  stm32f4xx_it.o(i.MemManage_Handler)
    NMI_Handler                              0x0800160d   Thumb Code     2  stm32f4xx_it.o(i.NMI_Handler)
    NVIC_Init                                0x08001611   Thumb Code   106  misc.o(i.NVIC_Init)
    NVIC_PriorityGroupConfig                 0x08001689   Thumb Code    10  misc.o(i.NVIC_PriorityGroupConfig)
    RCC_AHB1PeriphClockCmd                   0x0800169d   Thumb Code    26  stm32f4xx_rcc.o(i.RCC_AHB1PeriphClockCmd)
    RCC_APB2PeriphClockCmd                   0x080016bd   Thumb Code    26  stm32f4xx_rcc.o(i.RCC_APB2PeriphClockCmd)
    RCC_GetClocksFreq                        0x080016dd   Thumb Code   214  stm32f4xx_rcc.o(i.RCC_GetClocksFreq)
    SysTick_Handler                          0x080018b1   Thumb Code    46  port.o(i.SysTick_Handler)
    SystemInit                               0x080018e5   Thumb Code    88  system_stm32f4xx.o(i.SystemInit)
    USART1_IRQHandler                        0x0800194d   Thumb Code   122  usart.o(i.USART1_IRQHandler)
    USART_Cmd                                0x080019d5   Thumb Code    24  stm32f4xx_usart.o(i.USART_Cmd)
    USART_GetITStatus                        0x080019ed   Thumb Code    84  stm32f4xx_usart.o(i.USART_GetITStatus)
    USART_ITConfig                           0x08001a41   Thumb Code    74  stm32f4xx_usart.o(i.USART_ITConfig)
    USART_Init                               0x08001a8d   Thumb Code   204  stm32f4xx_usart.o(i.USART_Init)
    USART_ReceiveData                        0x08001b61   Thumb Code    10  stm32f4xx_usart.o(i.USART_ReceiveData)
    UsageFault_Handler                       0x08001b6b   Thumb Code     4  stm32f4xx_it.o(i.UsageFault_Handler)
    __ARM_fpclassify                         0x08001b6f   Thumb Code    48  fpclassify.o(i.__ARM_fpclassify)
    _is_digit                                0x08001b9f   Thumb Code    14  __printf_wp.o(i._is_digit)
    _sys_exit                                0x08001bad   Thumb Code     4  usart.o(i._sys_exit)
    float_task                               0x08001bb1   Thumb Code    54  main.o(i.float_task)
    fputc                                    0x08001c0d   Thumb Code    22  usart.o(i.fputc)
    led0_task                                0x08001c29   Thumb Code    24  main.o(i.led0_task)
    led1_task                                0x08001c49   Thumb Code    32  main.o(i.led1_task)
    main                                     0x08001c71   Thumb Code    50  main.o(i.main)
    pvPortMalloc                             0x0800263d   Thumb Code   296  heap_4.o(i.pvPortMalloc)
    pvTaskIncrementMutexHeldCount            0x08002779   Thumb Code    26  tasks.o(i.pvTaskIncrementMutexHeldCount)
    pxPortInitialiseStack                    0x08002799   Thumb Code    38  port.o(i.pxPortInitialiseStack)
    start_task                               0x080027c5   Thumb Code    82  main.o(i.start_task)
    uart_init                                0x08002859   Thumb Code   164  usart.o(i.uart_init)
    uxListRemove                             0x08002905   Thumb Code    40  list.o(i.uxListRemove)
    vListInitialise                          0x0800292d   Thumb Code    26  list.o(i.vListInitialise)
    vListInitialiseItem                      0x08002947   Thumb Code     6  list.o(i.vListInitialiseItem)
    vListInsert                              0x0800294d   Thumb Code    52  list.o(i.vListInsert)
    vListInsertEnd                           0x08002981   Thumb Code    24  list.o(i.vListInsertEnd)
    vPortEnterCritical                       0x08002999   Thumb Code    76  port.o(i.vPortEnterCritical)
    vPortExitCritical                        0x080029ed   Thumb Code    56  port.o(i.vPortExitCritical)
    vPortFree                                0x08002a29   Thumb Code   140  heap_4.o(i.vPortFree)
    vPortSetupTimerInterrupt                 0x08002abd   Thumb Code    26  port.o(i.vPortSetupTimerInterrupt)
    vPortValidateInterruptPriority           0x08002add   Thumb Code   106  port.o(i.vPortValidateInterruptPriority)
    vQueueAddToRegistry                      0x08002b55   Thumb Code    38  queue.o(i.vQueueAddToRegistry)
    vQueueWaitForMessageRestricted           0x08002b81   Thumb Code    74  queue.o(i.vQueueWaitForMessageRestricted)
    vTaskDelay                               0x08002bcd   Thumb Code    82  tasks.o(i.vTaskDelay)
    vTaskDelete                              0x08002c29   Thumb Code   202  tasks.o(i.vTaskDelete)
    vTaskMissedYield                         0x08002d1d   Thumb Code     8  tasks.o(i.vTaskMissedYield)
    vTaskPlaceOnEventList                    0x08002d29   Thumb Code    52  tasks.o(i.vTaskPlaceOnEventList)
    vTaskPlaceOnEventListRestricted          0x08002d61   Thumb Code    60  tasks.o(i.vTaskPlaceOnEventListRestricted)
    vTaskPriorityInherit                     0x08002da1   Thumb Code   164  tasks.o(i.vTaskPriorityInherit)
    vTaskSetTimeOutState                     0x08002e51   Thumb Code    38  tasks.o(i.vTaskSetTimeOutState)
    vTaskStartScheduler                      0x08002e81   Thumb Code   118  tasks.o(i.vTaskStartScheduler)
    vTaskSuspendAll                          0x08002f15   Thumb Code    12  tasks.o(i.vTaskSuspendAll)
    vTaskSwitchContext                       0x08002f25   Thumb Code   118  tasks.o(i.vTaskSwitchContext)
    xPortStartScheduler                      0x08002fb1   Thumb Code   288  port.o(i.xPortStartScheduler)
    xQueueGenericCreate                      0x080030ed   Thumb Code    88  queue.o(i.xQueueGenericCreate)
    xQueueGenericReceive                     0x08003145   Thumb Code   446  queue.o(i.xQueueGenericReceive)
    xQueueGenericReset                       0x08003309   Thumb Code   146  queue.o(i.xQueueGenericReset)
    xQueueGenericSend                        0x080033a1   Thumb Code   420  queue.o(i.xQueueGenericSend)
    xQueueGenericSendFromISR                 0x08003549   Thumb Code   248  queue.o(i.xQueueGenericSendFromISR)
    xTaskCheckForTimeOut                     0x08003641   Thumb Code   132  tasks.o(i.xTaskCheckForTimeOut)
    xTaskCreate                              0x080036cd   Thumb Code    96  tasks.o(i.xTaskCreate)
    xTaskGetSchedulerState                   0x0800372d   Thumb Code    24  tasks.o(i.xTaskGetSchedulerState)
    xTaskGetTickCount                        0x0800374d   Thumb Code     6  tasks.o(i.xTaskGetTickCount)
    xTaskIncrementTick                       0x08003759   Thumb Code   282  tasks.o(i.xTaskIncrementTick)
    xTaskPriorityDisinherit                  0x080038a1   Thumb Code   188  tasks.o(i.xTaskPriorityDisinherit)
    xTaskRemoveFromEventList                 0x08003969   Thumb Code   128  tasks.o(i.xTaskRemoveFromEventList)
    xTaskResumeAll                           0x08003a01   Thumb Code   224  tasks.o(i.xTaskResumeAll)
    xTimerCreateTimerTask                    0x08003b05   Thumb Code    66  timers.o(i.xTimerCreateTimerTask)
    xTimerGenericCommand                     0x08003b5d   Thumb Code   126  timers.o(i.xTimerGenericCommand)
    _get_lc_numeric                          0x08003be1   Thumb Code    44  lc_numeric_c.o(locale$$code)
    __fpl_dretinf                            0x08003c0d   Thumb Code    12  dretinf.o(x$fpl$dretinf)
    __aeabi_f2d                              0x08003c19   Thumb Code     0  f2d.o(x$fpl$f2d)
    _f2d                                     0x08003c19   Thumb Code    86  f2d.o(x$fpl$f2d)
    __fpl_fnaninf                            0x08003c6f   Thumb Code   140  fnaninf.o(x$fpl$fnaninf)
    _fp_init                                 0x08003cfb   Thumb Code    10  fpinit.o(x$fpl$fpinit)
    __fplib_config_fpu_vfp                   0x08003d03   Thumb Code     0  fpinit.o(x$fpl$fpinit)
    __fplib_config_pureend_doubles           0x08003d03   Thumb Code     0  fpinit.o(x$fpl$fpinit)
    _printf_fp_dec                           0x08003d05   Thumb Code     4  printf1.o(x$fpl$printf1)
    __I$use$fp                               0x08003d08   Number         0  usenofp.o(x$fpl$usenofp)
    Region$$Table$$Base                      0x08003d9c   Number         0  anon$$obj.o(Region$$Table)
    Region$$Table$$Limit                     0x08003dbc   Number         0  anon$$obj.o(Region$$Table)
    StartTask_Handler                        0x20000000   Data           4  main.o(.data)
    LED0Task_Handler                         0x20000004   Data           4  main.o(.data)
    LED1Task_Handler                         0x20000008   Data           4  main.o(.data)
    FLOATTask_Handler                        0x2000000c   Data           4  main.o(.data)
    __stdout                                 0x20000024   Data           4  usart.o(.data)
    USART_RX_STA                             0x20000028   Data           2  usart.o(.data)
    pxCurrentTCB                             0x2000002c   Data           4  tasks.o(.data)
    SystemCoreClock                          0x200000a0   Data           4  system_stm32f4xx.o(.data)
    AHBPrescTable                            0x200000a4   Data          16  system_stm32f4xx.o(.data)
    USART_RX_BUF                             0x200000b4   Data         200  usart.o(.bss)
    xQueueRegistry                           0x2000017c   Data          64  queue.o(.bss)
    __libspace_start                         0x20012eac   Data          96  libspace.o(.bss)
    __temporary_stack_top$libspace           0x20012f0c   Data           0  libspace.o(.bss)



==============================================================================

Memory Map of the image

  Image Entry point : 0x08000189

  Load Region LR_IROM1 (Base: 0x08000000, Size: 0x00003e8c, Max: 0x00080000, ABSOLUTE)

    Execution Region ER_IROM1 (Exec base: 0x08000000, Load base: 0x08000000, Size: 0x00003dd8, Max: 0x00080000, ABSOLUTE)

    Exec Addr    Load Addr    Size         Type   Attr      Idx    E Section Name        Object

    0x08000000   0x08000000   0x00000188   Data   RO         6408    RESET               startup_stm32f40_41xxx.o
    0x08000188   0x08000188   0x00000008   Code   RO         6451  * !!!main             c_w.l(__main.o)
    0x08000190   0x08000190   0x00000034   Code   RO         6677    !!!scatter          c_w.l(__scatter.o)
    0x080001c4   0x080001c4   0x0000001a   Code   RO         6679    !!handler_copy      c_w.l(__scatter_copy.o)
    0x080001de   0x080001de   0x00000002   PAD
    0x080001e0   0x080001e0   0x0000001c   Code   RO         6681    !!handler_zi        c_w.l(__scatter_zi.o)
    0x080001fc   0x080001fc   0x00000000   Code   RO         6444    .ARM.Collect$$_printf_percent$$00000000  c_w.l(_printf_percent.o)
    0x080001fc   0x080001fc   0x00000006   Code   RO         6443    .ARM.Collect$$_printf_percent$$00000003  c_w.l(_printf_f.o)
    0x08000202   0x08000202   0x00000004   Code   RO         6464    .ARM.Collect$$_printf_percent$$00000017  c_w.l(_printf_percent_end.o)
    0x08000206   0x08000206   0x00000002   Code   RO         6554    .ARM.Collect$$libinit$$00000000  c_w.l(libinit.o)
    0x08000208   0x08000208   0x00000004   Code   RO         6555    .ARM.Collect$$libinit$$00000001  c_w.l(libinit2.o)
    0x0800020c   0x0800020c   0x00000000   Code   RO         6558    .ARM.Collect$$libinit$$00000004  c_w.l(libinit2.o)
    0x0800020c   0x0800020c   0x00000000   Code   RO         6561    .ARM.Collect$$libinit$$0000000A  c_w.l(libinit2.o)
    0x0800020c   0x0800020c   0x00000000   Code   RO         6563    .ARM.Collect$$libinit$$0000000C  c_w.l(libinit2.o)
    0x0800020c   0x0800020c   0x00000000   Code   RO         6565    .ARM.Collect$$libinit$$0000000E  c_w.l(libinit2.o)
    0x0800020c   0x0800020c   0x00000006   Code   RO         6566    .ARM.Collect$$libinit$$0000000F  c_w.l(libinit2.o)
    0x08000212   0x08000212   0x00000000   Code   RO         6568    .ARM.Collect$$libinit$$00000011  c_w.l(libinit2.o)
    0x08000212   0x08000212   0x00000000   Code   RO         6570    .ARM.Collect$$libinit$$00000013  c_w.l(libinit2.o)
    0x08000212   0x08000212   0x00000000   Code   RO         6572    .ARM.Collect$$libinit$$00000015  c_w.l(libinit2.o)
    0x08000212   0x08000212   0x0000000a   Code   RO         6573    .ARM.Collect$$libinit$$00000016  c_w.l(libinit2.o)
    0x0800021c   0x0800021c   0x00000000   Code   RO         6574    .ARM.Collect$$libinit$$00000017  c_w.l(libinit2.o)
    0x0800021c   0x0800021c   0x00000000   Code   RO         6576    .ARM.Collect$$libinit$$00000019  c_w.l(libinit2.o)
    0x0800021c   0x0800021c   0x00000000   Code   RO         6578    .ARM.Collect$$libinit$$0000001B  c_w.l(libinit2.o)
    0x0800021c   0x0800021c   0x00000000   Code   RO         6580    .ARM.Collect$$libinit$$0000001D  c_w.l(libinit2.o)
    0x0800021c   0x0800021c   0x00000000   Code   RO         6582    .ARM.Collect$$libinit$$0000001F  c_w.l(libinit2.o)
    0x0800021c   0x0800021c   0x00000000   Code   RO         6584    .ARM.Collect$$libinit$$00000021  c_w.l(libinit2.o)
    0x0800021c   0x0800021c   0x00000000   Code   RO         6586    .ARM.Collect$$libinit$$00000023  c_w.l(libinit2.o)
    0x0800021c   0x0800021c   0x00000000   Code   RO         6588    .ARM.Collect$$libinit$$00000025  c_w.l(libinit2.o)
    0x0800021c   0x0800021c   0x00000000   Code   RO         6592    .ARM.Collect$$libinit$$0000002C  c_w.l(libinit2.o)
    0x0800021c   0x0800021c   0x00000000   Code   RO         6594    .ARM.Collect$$libinit$$0000002E  c_w.l(libinit2.o)
    0x0800021c   0x0800021c   0x00000000   Code   RO         6596    .ARM.Collect$$libinit$$00000030  c_w.l(libinit2.o)
    0x0800021c   0x0800021c   0x00000000   Code   RO         6598    .ARM.Collect$$libinit$$00000032  c_w.l(libinit2.o)
    0x0800021c   0x0800021c   0x00000002   Code   RO         6599    .ARM.Collect$$libinit$$00000033  c_w.l(libinit2.o)
    0x0800021e   0x0800021e   0x00000002   Code   RO         6627    .ARM.Collect$$libshutdown$$00000000  c_w.l(libshutdown.o)
    0x08000220   0x08000220   0x00000000   Code   RO         6636    .ARM.Collect$$libshutdown$$00000002  c_w.l(libshutdown2.o)
    0x08000220   0x08000220   0x00000000   Code   RO         6638    .ARM.Collect$$libshutdown$$00000004  c_w.l(libshutdown2.o)
    0x08000220   0x08000220   0x00000000   Code   RO         6641    .ARM.Collect$$libshutdown$$00000007  c_w.l(libshutdown2.o)
    0x08000220   0x08000220   0x00000000   Code   RO         6644    .ARM.Collect$$libshutdown$$0000000A  c_w.l(libshutdown2.o)
    0x08000220   0x08000220   0x00000000   Code   RO         6646    .ARM.Collect$$libshutdown$$0000000C  c_w.l(libshutdown2.o)
    0x08000220   0x08000220   0x00000000   Code   RO         6649    .ARM.Collect$$libshutdown$$0000000F  c_w.l(libshutdown2.o)
    0x08000220   0x08000220   0x00000002   Code   RO         6650    .ARM.Collect$$libshutdown$$00000010  c_w.l(libshutdown2.o)
    0x08000222   0x08000222   0x00000000   Code   RO         6459    .ARM.Collect$$rtentry$$00000000  c_w.l(__rtentry.o)
    0x08000222   0x08000222   0x00000000   Code   RO         6475    .ARM.Collect$$rtentry$$00000002  c_w.l(__rtentry2.o)
    0x08000222   0x08000222   0x00000006   Code   RO         6487    .ARM.Collect$$rtentry$$00000004  c_w.l(__rtentry4.o)
    0x08000228   0x08000228   0x00000000   Code   RO         6477    .ARM.Collect$$rtentry$$00000009  c_w.l(__rtentry2.o)
    0x08000228   0x08000228   0x00000004   Code   RO         6478    .ARM.Collect$$rtentry$$0000000A  c_w.l(__rtentry2.o)
    0x0800022c   0x0800022c   0x00000000   Code   RO         6480    .ARM.Collect$$rtentry$$0000000C  c_w.l(__rtentry2.o)
    0x0800022c   0x0800022c   0x00000008   Code   RO         6481    .ARM.Collect$$rtentry$$0000000D  c_w.l(__rtentry2.o)
    0x08000234   0x08000234   0x00000002   Code   RO         6600    .ARM.Collect$$rtexit$$00000000  c_w.l(rtexit.o)
    0x08000236   0x08000236   0x00000000   Code   RO         6607    .ARM.Collect$$rtexit$$00000002  c_w.l(rtexit2.o)
    0x08000236   0x08000236   0x00000004   Code   RO         6608    .ARM.Collect$$rtexit$$00000003  c_w.l(rtexit2.o)
    0x0800023a   0x0800023a   0x00000006   Code   RO         6609    .ARM.Collect$$rtexit$$00000004  c_w.l(rtexit2.o)
    0x08000240   0x08000240   0x000000b6   Code   RO         6288    .emb_text           port.o
    0x080002f6   0x080002f6   0x00000002   PAD
    0x080002f8   0x080002f8   0x00000040   Code   RO         6409    .text               startup_stm32f40_41xxx.o
    0x08000338   0x08000338   0x00000002   Code   RO         6415    .text               c_w.l(use_no_semi_2.o)
    0x0800033a   0x0800033a   0x00000002   PAD
    0x0800033c   0x0800033c   0x00000018   Code   RO         6419    .text               c_w.l(noretval__2printf.o)
    0x08000354   0x08000354   0x0000010e   Code   RO         6431    .text               c_w.l(__printf_wp.o)
    0x08000462   0x08000462   0x0000008a   Code   RO         6445    .text               c_w.l(rt_memcpy_v6.o)
    0x080004ec   0x080004ec   0x00000010   Code   RO         6447    .text               c_w.l(aeabi_memset.o)
    0x080004fc   0x080004fc   0x00000006   Code   RO         6449    .text               c_w.l(heapauxi.o)
    0x08000502   0x08000502   0x00000002   Code   RO         6457    .text               c_w.l(use_no_semi.o)
    0x08000504   0x08000504   0x0000041e   Code   RO         6460    .text               c_w.l(_printf_fp_dec.o)
    0x08000922   0x08000922   0x00000002   PAD
    0x08000924   0x08000924   0x00000024   Code   RO         6462    .text               c_w.l(_printf_char_file.o)
    0x08000948   0x08000948   0x00000064   Code   RO         6465    .text               c_w.l(rt_memcpy_w.o)
    0x080009ac   0x080009ac   0x00000044   Code   RO         6467    .text               c_w.l(rt_memclr.o)
    0x080009f0   0x080009f0   0x00000008   Code   RO         6492    .text               c_w.l(rt_locale_intlibspace.o)
    0x080009f8   0x080009f8   0x0000008a   Code   RO         6494    .text               c_w.l(lludiv10.o)
    0x08000a82   0x08000a82   0x00000002   PAD
    0x08000a84   0x08000a84   0x00000030   Code   RO         6496    .text               c_w.l(_printf_char_common.o)
    0x08000ab4   0x08000ab4   0x00000080   Code   RO         6498    .text               c_w.l(_printf_fp_infnan.o)
    0x08000b34   0x08000b34   0x000000e4   Code   RO         6500    .text               c_w.l(bigflt0.o)
    0x08000c18   0x08000c18   0x00000008   Code   RO         6525    .text               c_w.l(ferror.o)
    0x08000c20   0x08000c20   0x0000004e   Code   RO         6532    .text               c_w.l(rt_memclr_w.o)
    0x08000c6e   0x08000c6e   0x00000002   PAD
    0x08000c70   0x08000c70   0x00000008   Code   RO         6538    .text               c_w.l(libspace.o)
    0x08000c78   0x08000c78   0x0000004a   Code   RO         6541    .text               c_w.l(sys_stackheap_outer.o)
    0x08000cc2   0x08000cc2   0x00000012   Code   RO         6545    .text               c_w.l(exit.o)
    0x08000cd4   0x08000cd4   0x00000080   Code   RO         6547    .text               c_w.l(strcmpv7m.o)
    0x08000d54   0x08000d54   0x0000003e   Code   RO         6503    CL$$btod_d2e        c_w.l(btod.o)
    0x08000d92   0x08000d92   0x00000046   Code   RO         6505    CL$$btod_d2e_denorm_low  c_w.l(btod.o)
    0x08000dd8   0x08000dd8   0x00000060   Code   RO         6504    CL$$btod_d2e_norm_op1  c_w.l(btod.o)
    0x08000e38   0x08000e38   0x00000338   Code   RO         6513    CL$$btod_div_common  c_w.l(btod.o)
    0x08001170   0x08001170   0x000000dc   Code   RO         6510    CL$$btod_e2e        c_w.l(btod.o)
    0x0800124c   0x0800124c   0x0000002a   Code   RO         6507    CL$$btod_ediv       c_w.l(btod.o)
    0x08001276   0x08001276   0x0000002a   Code   RO         6506    CL$$btod_emul       c_w.l(btod.o)
    0x080012a0   0x080012a0   0x00000244   Code   RO         6512    CL$$btod_mult_common  c_w.l(btod.o)
    0x080014e4   0x080014e4   0x00000004   Code   RO          209    i.BusFault_Handler  stm32f4xx_it.o
    0x080014e8   0x080014e8   0x00000002   Code   RO          210    i.DebugMon_Handler  stm32f4xx_it.o
    0x080014ea   0x080014ea   0x00000090   Code   RO         2144    i.GPIO_Init         stm32f4xx_gpio.o
    0x0800157a   0x0800157a   0x00000046   Code   RO         2145    i.GPIO_PinAFConfig  stm32f4xx_gpio.o
    0x080015c0   0x080015c0   0x00000004   Code   RO         2152    i.GPIO_SetBits      stm32f4xx_gpio.o
    0x080015c4   0x080015c4   0x00000004   Code   RO          211    i.HardFault_Handler  stm32f4xx_it.o
    0x080015c8   0x080015c8   0x00000040   Code   RO         5324    i.LED_Init          led.o
    0x08001608   0x08001608   0x00000004   Code   RO          212    i.MemManage_Handler  stm32f4xx_it.o
    0x0800160c   0x0800160c   0x00000002   Code   RO          213    i.NMI_Handler       stm32f4xx_it.o
    0x0800160e   0x0800160e   0x00000002   PAD
    0x08001610   0x08001610   0x00000078   Code   RO          269    i.NVIC_Init         misc.o
    0x08001688   0x08001688   0x00000014   Code   RO          270    i.NVIC_PriorityGroupConfig  misc.o
    0x0800169c   0x0800169c   0x00000020   Code   RO         3070    i.RCC_AHB1PeriphClockCmd  stm32f4xx_rcc.o
    0x080016bc   0x080016bc   0x00000020   Code   RO         3082    i.RCC_APB2PeriphClockCmd  stm32f4xx_rcc.o
    0x080016dc   0x080016dc   0x000000e8   Code   RO         3091    i.RCC_GetClocksFreq  stm32f4xx_rcc.o
    0x080017c4   0x080017c4   0x000000ec   Code   RO         6368    i.SetSysClock       system_stm32f4xx.o
    0x080018b0   0x080018b0   0x00000034   Code   RO         6289    i.SysTick_Handler   port.o
    0x080018e4   0x080018e4   0x00000068   Code   RO         6370    i.SystemInit        system_stm32f4xx.o
    0x0800194c   0x0800194c   0x00000088   Code   RO         5370    i.USART1_IRQHandler  usart.o
    0x080019d4   0x080019d4   0x00000018   Code   RO         5020    i.USART_Cmd         stm32f4xx_usart.o
    0x080019ec   0x080019ec   0x00000054   Code   RO         5024    i.USART_GetITStatus  stm32f4xx_usart.o
    0x08001a40   0x08001a40   0x0000004a   Code   RO         5026    i.USART_ITConfig    stm32f4xx_usart.o
    0x08001a8a   0x08001a8a   0x00000002   PAD
    0x08001a8c   0x08001a8c   0x000000d4   Code   RO         5027    i.USART_Init        stm32f4xx_usart.o
    0x08001b60   0x08001b60   0x0000000a   Code   RO         5034    i.USART_ReceiveData  stm32f4xx_usart.o
    0x08001b6a   0x08001b6a   0x00000004   Code   RO          214    i.UsageFault_Handler  stm32f4xx_it.o
    0x08001b6e   0x08001b6e   0x00000030   Code   RO         6536    i.__ARM_fpclassify  m_wm.l(fpclassify.o)
    0x08001b9e   0x08001b9e   0x0000000e   Code   RO         6433    i._is_digit         c_w.l(__printf_wp.o)
    0x08001bac   0x08001bac   0x00000004   Code   RO         5371    i._sys_exit         usart.o
    0x08001bb0   0x08001bb0   0x0000005c   Code   RO            4    i.float_task        main.o
    0x08001c0c   0x08001c0c   0x0000001c   Code   RO         5372    i.fputc             usart.o
    0x08001c28   0x08001c28   0x00000020   Code   RO            5    i.led0_task         main.o
    0x08001c48   0x08001c48   0x00000028   Code   RO            6    i.led1_task         main.o
    0x08001c70   0x08001c70   0x00000048   Code   RO            7    i.main              main.o
    0x08001cb8   0x08001cb8   0x00000098   Code   RO         5772    i.prvAddCurrentTaskToDelayedList  tasks.o
    0x08001d50   0x08001d50   0x000000b8   Code   RO         5773    i.prvAddNewTaskToReadyList  tasks.o
    0x08001e08   0x08001e08   0x00000064   Code   RO         6109    i.prvCheckForValidListAndQueue  timers.o
    0x08001e6c   0x08001e6c   0x00000064   Code   RO         5774    i.prvCheckTasksWaitingTermination  tasks.o
    0x08001ed0   0x08001ed0   0x0000002a   Code   RO         5571    i.prvCopyDataFromQueue  queue.o
    0x08001efa   0x08001efa   0x0000007c   Code   RO         5572    i.prvCopyDataToQueue  queue.o
    0x08001f76   0x08001f76   0x00000012   Code   RO         5775    i.prvDeleteTCB      tasks.o
    0x08001f88   0x08001f88   0x00000028   Code   RO         6110    i.prvGetNextExpireTime  timers.o
    0x08001fb0   0x08001fb0   0x0000007c   Code   RO         6239    i.prvHeapInit       heap_4.o
    0x0800202c   0x0800202c   0x00000028   Code   RO         5776    i.prvIdleTask       tasks.o
    0x08002054   0x08002054   0x0000002a   Code   RO         5574    i.prvInitialiseNewQueue  queue.o
    0x0800207e   0x0800207e   0x000000b4   Code   RO         5777    i.prvInitialiseNewTask  tasks.o
    0x08002132   0x08002132   0x00000002   PAD
    0x08002134   0x08002134   0x00000068   Code   RO         5778    i.prvInitialiseTaskLists  tasks.o
    0x0800219c   0x0800219c   0x00000068   Code   RO         6240    i.prvInsertBlockIntoFreeList  heap_4.o
    0x08002204   0x08002204   0x00000058   Code   RO         6112    i.prvInsertTimerInActiveList  timers.o
    0x0800225c   0x0800225c   0x0000001a   Code   RO         5575    i.prvIsQueueEmpty   queue.o
    0x08002276   0x08002276   0x0000001e   Code   RO         5576    i.prvIsQueueFull    queue.o
    0x08002294   0x08002294   0x00000064   Code   RO         6113    i.prvProcessExpiredTimer  timers.o
    0x080022f8   0x080022f8   0x000000f8   Code   RO         6114    i.prvProcessReceivedCommands  timers.o
    0x080023f0   0x080023f0   0x00000074   Code   RO         6115    i.prvProcessTimerOrBlockTask  timers.o
    0x08002464   0x08002464   0x00000034   Code   RO         5780    i.prvResetNextTaskUnblockTime  tasks.o
    0x08002498   0x08002498   0x0000002c   Code   RO         6116    i.prvSampleTimeNow  timers.o
    0x080024c4   0x080024c4   0x000000a0   Code   RO         6117    i.prvSwitchTimerLists  timers.o
    0x08002564   0x08002564   0x00000040   Code   RO         6290    i.prvTaskExitError  port.o
    0x080025a4   0x080025a4   0x0000001a   Code   RO         6118    i.prvTimerTask      timers.o
    0x080025be   0x080025be   0x0000007e   Code   RO         5577    i.prvUnlockQueue    queue.o
    0x0800263c   0x0800263c   0x0000013c   Code   RO         6241    i.pvPortMalloc      heap_4.o
    0x08002778   0x08002778   0x00000020   Code   RO         5783    i.pvTaskIncrementMutexHeldCount  tasks.o
    0x08002798   0x08002798   0x0000002c   Code   RO         6291    i.pxPortInitialiseStack  port.o
    0x080027c4   0x080027c4   0x00000094   Code   RO            8    i.start_task        main.o
    0x08002858   0x08002858   0x000000ac   Code   RO         5373    i.uart_init         usart.o
    0x08002904   0x08002904   0x00000028   Code   RO         5534    i.uxListRemove      list.o
    0x0800292c   0x0800292c   0x0000001a   Code   RO         5535    i.vListInitialise   list.o
    0x08002946   0x08002946   0x00000006   Code   RO         5536    i.vListInitialiseItem  list.o
    0x0800294c   0x0800294c   0x00000034   Code   RO         5537    i.vListInsert       list.o
    0x08002980   0x08002980   0x00000018   Code   RO         5538    i.vListInsertEnd    list.o
    0x08002998   0x08002998   0x00000054   Code   RO         6293    i.vPortEnterCritical  port.o
    0x080029ec   0x080029ec   0x0000003c   Code   RO         6294    i.vPortExitCritical  port.o
    0x08002a28   0x08002a28   0x00000094   Code   RO         6242    i.vPortFree         heap_4.o
    0x08002abc   0x08002abc   0x00000020   Code   RO         6295    i.vPortSetupTimerInterrupt  port.o
    0x08002adc   0x08002adc   0x00000078   Code   RO         6296    i.vPortValidateInterruptPriority  port.o
    0x08002b54   0x08002b54   0x0000002c   Code   RO         5583    i.vQueueAddToRegistry  queue.o
    0x08002b80   0x08002b80   0x0000004a   Code   RO         5587    i.vQueueWaitForMessageRestricted  queue.o
    0x08002bca   0x08002bca   0x00000002   PAD
    0x08002bcc   0x08002bcc   0x0000005c   Code   RO         5791    i.vTaskDelay        tasks.o
    0x08002c28   0x08002c28   0x000000f4   Code   RO         5793    i.vTaskDelete       tasks.o
    0x08002d1c   0x08002d1c   0x0000000c   Code   RO         5796    i.vTaskMissedYield  tasks.o
    0x08002d28   0x08002d28   0x00000038   Code   RO         5798    i.vTaskPlaceOnEventList  tasks.o
    0x08002d60   0x08002d60   0x00000040   Code   RO         5799    i.vTaskPlaceOnEventListRestricted  tasks.o
    0x08002da0   0x08002da0   0x000000b0   Code   RO         5801    i.vTaskPriorityInherit  tasks.o
    0x08002e50   0x08002e50   0x00000030   Code   RO         5805    i.vTaskSetTimeOutState  tasks.o
    0x08002e80   0x08002e80   0x00000094   Code   RO         5806    i.vTaskStartScheduler  tasks.o
    0x08002f14   0x08002f14   0x00000010   Code   RO         5808    i.vTaskSuspendAll   tasks.o
    0x08002f24   0x08002f24   0x0000008c   Code   RO         5809    i.vTaskSwitchContext  tasks.o
    0x08002fb0   0x08002fb0   0x0000013c   Code   RO         6297    i.xPortStartScheduler  port.o
    0x080030ec   0x080030ec   0x00000058   Code   RO         5590    i.xQueueGenericCreate  queue.o
    0x08003144   0x08003144   0x000001c4   Code   RO         5591    i.xQueueGenericReceive  queue.o
    0x08003308   0x08003308   0x00000098   Code   RO         5592    i.xQueueGenericReset  queue.o
    0x080033a0   0x080033a0   0x000001a8   Code   RO         5593    i.xQueueGenericSend  queue.o
    0x08003548   0x08003548   0x000000f8   Code   RO         5594    i.xQueueGenericSendFromISR  queue.o
    0x08003640   0x08003640   0x0000008c   Code   RO         5810    i.xTaskCheckForTimeOut  tasks.o
    0x080036cc   0x080036cc   0x00000060   Code   RO         5811    i.xTaskCreate       tasks.o
    0x0800372c   0x0800372c   0x00000020   Code   RO         5815    i.xTaskGetSchedulerState  tasks.o
    0x0800374c   0x0800374c   0x0000000c   Code   RO         5816    i.xTaskGetTickCount  tasks.o
    0x08003758   0x08003758   0x00000148   Code   RO         5818    i.xTaskIncrementTick  tasks.o
    0x080038a0   0x080038a0   0x000000c8   Code   RO         5821    i.xTaskPriorityDisinherit  tasks.o
    0x08003968   0x08003968   0x00000098   Code   RO         5822    i.xTaskRemoveFromEventList  tasks.o
    0x08003a00   0x08003a00   0x00000104   Code   RO         5824    i.xTaskResumeAll    tasks.o
    0x08003b04   0x08003b04   0x00000058   Code   RO         6122    i.xTimerCreateTimerTask  timers.o
    0x08003b5c   0x08003b5c   0x00000084   Code   RO         6123    i.xTimerGenericCommand  timers.o
    0x08003be0   0x08003be0   0x0000002c   Code   RO         6530    locale$$code        c_w.l(lc_numeric_c.o)
    0x08003c0c   0x08003c0c   0x0000000c   Code   RO         6469    x$fpl$dretinf       fz_wm.l(dretinf.o)
    0x08003c18   0x08003c18   0x00000056   Code   RO         6453    x$fpl$f2d           fz_wm.l(f2d.o)
    0x08003c6e   0x08003c6e   0x0000008c   Code   RO         6471    x$fpl$fnaninf       fz_wm.l(fnaninf.o)
    0x08003cfa   0x08003cfa   0x0000000a   Code   RO         6604    x$fpl$fpinit        fz_wm.l(fpinit.o)
    0x08003d04   0x08003d04   0x00000004   Code   RO         6455    x$fpl$printf1       fz_wm.l(printf1.o)
    0x08003d08   0x08003d08   0x00000000   Code   RO         6473    x$fpl$usenofp       fz_wm.l(usenofp.o)
    0x08003d08   0x08003d08   0x00000094   Data   RO         6501    .constdata          c_w.l(bigflt0.o)
    0x08003d9c   0x08003d9c   0x00000020   Data   RO         6675    Region$$Table       anon$$obj.o
    0x08003dbc   0x08003dbc   0x0000001c   Data   RO         6529    locale$$data        c_w.l(lc_numeric_c.o)


    Execution Region RW_IRAM1 (Exec base: 0x20000000, Load base: 0x08003dd8, Size: 0x00013510, Max: 0x00020000, ABSOLUTE)

    Exec Addr    Load Addr    Size         Type   Attr      Idx    E Section Name        Object

    0x20000000   0x08003dd8   0x00000014   Data   RW            9    .data               main.o
    0x20000014   0x08003dec   0x00000010   Data   RW         3123    .data               stm32f4xx_rcc.o
    0x20000024   0x08003dfc   0x00000006   Data   RW         5375    .data               usart.o
    0x2000002a   0x08003e02   0x00000002   PAD
    0x2000002c   0x08003e04   0x0000003c   Data   RW         5827    .data               tasks.o
    0x20000068   0x08003e40   0x00000014   Data   RW         6129    .data               timers.o
    0x2000007c   0x08003e54   0x00000018   Data   RW         6247    .data               heap_4.o
    0x20000094   0x08003e6c   0x0000000c   Data   RW         6298    .data               port.o
    0x200000a0   0x08003e78   0x00000014   Data   RW         6371    .data               system_stm32f4xx.o
    0x200000b4        -       0x000000c8   Zero   RW         5374    .bss                usart.o
    0x2000017c        -       0x00000040   Zero   RW         5602    .bss                queue.o
    0x200001bc        -       0x000000c8   Zero   RW         5826    .bss                tasks.o
    0x20000284        -       0x00000028   Zero   RW         6128    .bss                timers.o
    0x200002ac        -       0x00012c00   Zero   RW         6246    .bss                heap_4.o
    0x20012eac        -       0x00000060   Zero   RW         6539    .bss                c_w.l(libspace.o)
    0x20012f0c   0x08003e8c   0x00000004   PAD
    0x20012f10        -       0x00000200   Zero   RW         6407    HEAP                startup_stm32f40_41xxx.o
    0x20013110        -       0x00000400   Zero   RW         6406    STACK               startup_stm32f40_41xxx.o


==============================================================================

Image component sizes


      Code (inc. data)   RO Data    RW Data    ZI Data      Debug   Object Name

         0          0          0          0          0      11884   event_groups.o
       692         62          0         24      76800       4675   heap_4.o
        64          4          0          0          0        555   led.o
       148          0          0          0          0       3506   list.o
       384        142          0         20          0     285197   main.o
       140         24          0          0          0       1923   misc.o
       954         92          0         12          0      11865   port.o
      1872         22          0          0         64      16517   queue.o
        64         26        392          0       1536        968   startup_stm32f40_41xxx.o
       218          0          0          0          0       2782   stm32f4xx_gpio.o
        20          0          0          0          0       2981   stm32f4xx_it.o
       296         30          0         16          0       4582   stm32f4xx_rcc.o
       404          8          0          0          0       4878   stm32f4xx_usart.o
       340         32          0         20          0       2377   system_stm32f4xx.o
      3078        410          0         60        200      24043   tasks.o
      1142        118          0         20         40      17847   timers.o
       340         28          0          6        200       4532   usart.o

    ----------------------------------------------------------------------
     10166        998        424        180      78840     401112   Object Totals
         0          0         32          0          0          0   (incl. Generated)
        10          0          0          2          0          0   (incl. Padding)

    ----------------------------------------------------------------------

      Code (inc. data)   RO Data    RW Data    ZI Data      Debug   Library Member Name

         8          0          0          0          0         68   __main.o
       284          0          0          0          0        156   __printf_wp.o
         0          0          0          0          0          0   __rtentry.o
        12          0          0          0          0          0   __rtentry2.o
         6          0          0          0          0          0   __rtentry4.o
        52          8          0          0          0          0   __scatter.o
        26          0          0          0          0          0   __scatter_copy.o
        28          0          0          0          0          0   __scatter_zi.o
        48          6          0          0          0         96   _printf_char_common.o
        36          4          0          0          0         80   _printf_char_file.o
         6          0          0          0          0          0   _printf_f.o
      1054          0          0          0          0        216   _printf_fp_dec.o
       128         16          0          0          0         84   _printf_fp_infnan.o
         0          0          0          0          0          0   _printf_percent.o
         4          0          0          0          0          0   _printf_percent_end.o
        16          0          0          0          0         68   aeabi_memset.o
       228          4        148          0          0         96   bigflt0.o
      1936        128          0          0          0        672   btod.o
        18          0          0          0          0         80   exit.o
         8          0          0          0          0         68   ferror.o
         6          0          0          0          0        152   heapauxi.o
        44         10         28          0          0         76   lc_numeric_c.o
         2          0          0          0          0          0   libinit.o
        22          0          0          0          0          0   libinit2.o
         2          0          0          0          0          0   libshutdown.o
         2          0          0          0          0          0   libshutdown2.o
         8          4          0          0         96         68   libspace.o
       138          0          0          0          0         80   lludiv10.o
        24          4          0          0          0         84   noretval__2printf.o
         8          4          0          0          0         68   rt_locale_intlibspace.o
        68          0          0          0          0         68   rt_memclr.o
        78          0          0          0          0         80   rt_memclr_w.o
       138          0          0          0          0         68   rt_memcpy_v6.o
       100          0          0          0          0         80   rt_memcpy_w.o
         2          0          0          0          0          0   rtexit.o
        10          0          0          0          0          0   rtexit2.o
       128          0          0          0          0         68   strcmpv7m.o
        74          0          0          0          0         80   sys_stackheap_outer.o
         2          0          0          0          0         68   use_no_semi.o
         2          0          0          0          0         68   use_no_semi_2.o
        12          0          0          0          0        116   dretinf.o
        86          4          0          0          0        132   f2d.o
       140          4          0          0          0        132   fnaninf.o
        10          0          0          0          0        116   fpinit.o
         4          0          0          0          0        116   printf1.o
         0          0          0          0          0          0   usenofp.o
        48          0          0          0          0        124   fpclassify.o

    ----------------------------------------------------------------------
      5066        196        176          0        100       3528   Library Totals
        10          0          0          0          4          0   (incl. Padding)

    ----------------------------------------------------------------------

      Code (inc. data)   RO Data    RW Data    ZI Data      Debug   Library Name

      4756        188        176          0         96       2792   c_w.l
       252          8          0          0          0        612   fz_wm.l
        48          0          0          0          0        124   m_wm.l

    ----------------------------------------------------------------------
      5066        196        176          0        100       3528   Library Totals

    ----------------------------------------------------------------------

==============================================================================


      Code (inc. data)   RO Data    RW Data    ZI Data      Debug   

     15232       1194        600        180      78940     393180   Grand Totals
     15232       1194        600        180      78940     393180   ELF Image Totals
     15232       1194        600        180          0          0   ROM Totals

==============================================================================

    Total RO  Size (Code + RO Data)                15832 (  15.46kB)
    Total RW  Size (RW Data + ZI Data)             79120 (  77.27kB)
    Total ROM Size (Code + RO Data + RW Data)      16012 (  15.64kB)

==============================================================================

